Oct 18 22:45:41 jose-Lenovo-G475 rsyslogd: [origin software="rsyslogd" swVersion="7.4.4" x-pid="607" x-info="http://www.rsyslog.com"] start
Oct 18 22:45:41 jose-Lenovo-G475 rsyslogd: rsyslogd's groupid changed to 104
Oct 18 22:45:41 jose-Lenovo-G475 rsyslogd: rsyslogd's userid changed to 101
Oct 18 22:45:41 jose-Lenovo-G475 rsyslogd-2039: Could no open output pipe '/dev/xconsole': No such file or directory [try http://www.rsyslog.com/e/2039 ]
Oct 18 22:45:41 jose-Lenovo-G475 kernel: [    0.000000] Initializing cgroup subsys cpuset
Oct 18 22:45:41 jose-Lenovo-G475 kernel: [    0.000000] Initializing cgroup subsys cpu
Oct 18 22:45:41 jose-Lenovo-G475 kernel: [    0.000000] Initializing cgroup subsys cpuacct
Oct 18 22:45:41 jose-Lenovo-G475 kernel: [    0.000000] Linux version 3.13.0-32-generic (buildd@roseapple) (gcc version 4.8.2 (Ubuntu 4.8.2-19ubuntu1) ) #57-Ubuntu SMP Tue Jul 15 03:51:12 UTC 2014 (Ubuntu 3.13.0-32.57-generic 3.13.11.4)
Oct 18 22:45:41 jose-Lenovo-G475 kernel: [    0.000000] KERNEL supported cpus:
Oct 18 22:45:41 jose-Lenovo-G475 kernel: [    0.000000]   Intel GenuineIntel
Oct 18 22:45:41 jose-Lenovo-G475 kernel: [    0.000000]   AMD AuthenticAMD
Oct 18 22:45:41 jose-Lenovo-G475 kernel: [    0.000000]   NSC Geode by NSC
Oct 18 22:45:41 jose-Lenovo-G475 kernel: [    0.000000]   Cyrix CyrixInstead
Oct 18 22:45:41 jose-Lenovo-G475 kernel: [    0.000000]   Centaur CentaurHauls
Oct 18 22:45:41 jose-Lenovo-G475 kernel: [    0.000000]   Transmeta GenuineTMx86
Oct 18 22:45:41 jose-Lenovo-G475 kernel: [    0.000000]   Transmeta TransmetaCPU
Oct 18 22:45:41 jose-Lenovo-G475 kernel: [    0.000000]   UMC UMC UMC UMC
Oct 18 22:45:41 jose-Lenovo-G475 kernel: [    0.000000] e820: BIOS-provided physical RAM map:
Oct 18 22:45:41 jose-Lenovo-G475 kernel: [    0.000000] BIOS-e820: [mem 0x0000000000000000-0x000000000009f7ff] usable
Oct 18 22:45:41 jose-Lenovo-G475 kernel: [    0.000000] BIOS-e820: [mem 0x000000000009f800-0x000000000009ffff] reserved
Oct 18 22:45:41 jose-Lenovo-G475 kernel: [    0.000000] BIOS-e820: [mem 0x00000000000e0000-0x00000000000fffff] reserved
Oct 18 22:45:41 jose-Lenovo-G475 kernel: [    0.000000] BIOS-e820: [mem 0x0000000000100000-0x0000000066b3efff] usable
Oct 18 22:45:41 jose-Lenovo-G475 kernel: [    0.000000] BIOS-e820: [mem 0x0000000066b3f000-0x0000000066bbefff] reserved
Oct 18 22:45:41 jose-Lenovo-G475 kernel: [    0.000000] BIOS-e820: [mem 0x0000000066bbf000-0x0000000066ebefff] ACPI NVS
Oct 18 22:45:41 jose-Lenovo-G475 kernel: [    0.000000] BIOS-e820: [mem 0x0000000066ebf000-0x0000000066ef5fff] ACPI data
Oct 18 22:45:41 jose-Lenovo-G475 kernel: [    0.000000] BIOS-e820: [mem 0x0000000066ef6000-0x0000000066efffff] usable
Oct 18 22:45:41 jose-Lenovo-G475 kernel: [    0.000000] BIOS-e820: [mem 0x0000000066f00000-0x000000007effffff] reserved
Oct 18 22:45:41 jose-Lenovo-G475 kernel: [    0.000000] BIOS-e820: [mem 0x00000000f8000000-0x00000000fbffffff] reserved
Oct 18 22:45:41 jose-Lenovo-G475 kernel: [    0.000000] BIOS-e820: [mem 0x00000000fec00000-0x00000000fec00fff] reserved
Oct 18 22:45:41 jose-Lenovo-G475 kernel: [    0.000000] BIOS-e820: [mem 0x00000000fec10000-0x00000000fec10fff] reserved
Oct 18 22:45:41 jose-Lenovo-G475 kernel: [    0.000000] BIOS-e820: [mem 0x00000000fee00000-0x00000000fee00fff] reserved
Oct 18 22:45:41 jose-Lenovo-G475 kernel: [    0.000000] BIOS-e820: [mem 0x00000000ffe00000-0x00000000ffffffff] reserved
Oct 18 22:45:41 jose-Lenovo-G475 kernel: [    0.000000] NX (Execute Disable) protection: active
Oct 18 22:45:41 jose-Lenovo-G475 kernel: [    0.000000] SMBIOS 2.7 present.
Oct 18 22:45:41 jose-Lenovo-G475 kernel: [    0.000000] DMI: LENOVO 20080                           /Inagua, BIOS 41CN22WW(V1.08) 06/30/2011
Oct 18 22:45:41 jose-Lenovo-G475 kernel: [    0.000000] e820: update [mem 0x00000000-0x00000fff] usable ==> reserved
Oct 18 22:45:41 jose-Lenovo-G475 kernel: [    0.000000] e820: remove [mem 0x000a0000-0x000fffff] usable
Oct 18 22:45:41 jose-Lenovo-G475 kernel: [    0.000000] e820: last_pfn = 0x66f00 max_arch_pfn = 0x1000000
Oct 18 22:45:41 jose-Lenovo-G475 kernel: [    0.000000] MTRR default type: uncachable
Oct 18 22:45:41 jose-Lenovo-G475 kernel: [    0.000000] MTRR fixed ranges enabled:
Oct 18 22:45:41 jose-Lenovo-G475 kernel: [    0.000000]   00000-9FFFF write-back
Oct 18 22:45:41 jose-Lenovo-G475 kernel: [    0.000000]   A0000-BFFFF uncachable
Oct 18 22:45:41 jose-Lenovo-G475 kernel: [    0.000000]   C0000-FFFFF write-through
Oct 18 22:45:41 jose-Lenovo-G475 kernel: [    0.000000] MTRR variable ranges enabled:
Oct 18 22:45:41 jose-Lenovo-G475 kernel: [    0.000000]   0 base 000000000 mask FC0000000 write-back
Oct 18 22:45:41 jose-Lenovo-G475 kernel: [    0.000000]   1 base 040000000 mask FE0000000 write-back
Oct 18 22:45:41 jose-Lenovo-G475 kernel: [    0.000000]   2 base 060000000 mask FF8000000 write-back
Oct 18 22:45:41 jose-Lenovo-G475 kernel: [    0.000000]   3 base 066EBE000 mask FFFFFF000 uncachable
Oct 18 22:45:41 jose-Lenovo-G475 kernel: [    0.000000]   4 base 0FFE00000 mask FFFE00000 write-protect
Oct 18 22:45:41 jose-Lenovo-G475 kernel: [    0.000000]   5 disabled
Oct 18 22:45:41 jose-Lenovo-G475 kernel: [    0.000000]   6 disabled
Oct 18 22:45:41 jose-Lenovo-G475 kernel: [    0.000000]   7 disabled
Oct 18 22:45:41 jose-Lenovo-G475 kernel: [    0.000000] x86 PAT enabled: cpu 0, old 0x7040600070406, new 0x7010600070106
Oct 18 22:45:41 jose-Lenovo-G475 kernel: [    0.000000] found SMP MP-table at [mem 0x000fe1b0-0x000fe1bf] mapped at [c00fe1b0]
Oct 18 22:45:41 jose-Lenovo-G475 kernel: [    0.000000] Scanning 1 areas for low memory corruption
Oct 18 22:45:41 jose-Lenovo-G475 kernel: [    0.000000] initial memory mapped: [mem 0x00000000-0x01ffffff]
Oct 18 22:45:41 jose-Lenovo-G475 kernel: [    0.000000] Base memory trampoline at [c009b000] 9b000 size 16384
Oct 18 22:45:41 jose-Lenovo-G475 kernel: [    0.000000] init_memory_mapping: [mem 0x00000000-0x000fffff]
Oct 18 22:45:41 jose-Lenovo-G475 kernel: [    0.000000]  [mem 0x00000000-0x000fffff] page 4k
Oct 18 22:45:41 jose-Lenovo-G475 kernel: [    0.000000] init_memory_mapping: [mem 0x37800000-0x379fffff]
Oct 18 22:45:41 jose-Lenovo-G475 kernel: [    0.000000]  [mem 0x37800000-0x379fffff] page 2M
Oct 18 22:45:41 jose-Lenovo-G475 kernel: [    0.000000] init_memory_mapping: [mem 0x34000000-0x377fffff]
Oct 18 22:45:41 jose-Lenovo-G475 kernel: [    0.000000]  [mem 0x34000000-0x377fffff] page 2M
Oct 18 22:45:41 jose-Lenovo-G475 kernel: [    0.000000] init_memory_mapping: [mem 0x00100000-0x33ffffff]
Oct 18 22:45:41 jose-Lenovo-G475 kernel: [    0.000000]  [mem 0x00100000-0x001fffff] page 4k
Oct 18 22:45:41 jose-Lenovo-G475 kernel: [    0.000000]  [mem 0x00200000-0x33ffffff] page 2M
Oct 18 22:45:41 jose-Lenovo-G475 kernel: [    0.000000] init_memory_mapping: [mem 0x37a00000-0x37bfdfff]
Oct 18 22:45:41 jose-Lenovo-G475 kernel: [    0.000000]  [mem 0x37a00000-0x37bfdfff] page 4k
Oct 18 22:45:41 jose-Lenovo-G475 kernel: [    0.000000] BRK [0x01b8e000, 0x01b8efff] PGTABLE
Oct 18 22:45:41 jose-Lenovo-G475 kernel: [    0.000000] RAMDISK: [mem 0x35c3e000-0x36e16fff]
Oct 18 22:45:41 jose-Lenovo-G475 kernel: [    0.000000] ACPI: RSDP 000fe020 000024 (v02 LENOVO)
Oct 18 22:45:41 jose-Lenovo-G475 kernel: [    0.000000] ACPI: XSDT 66ef5120 000064 (v01 LENOVO CB-01    00000001      01000013)
Oct 18 22:45:41 jose-Lenovo-G475 kernel: [    0.000000] ACPI: FACP 66ef3000 0000F4 (v04 LENOVO CB-01    00000001 ACPI 00040000)
Oct 18 22:45:41 jose-Lenovo-G475 kernel: [    0.000000] ACPI: DSDT 66ee6000 009445 (v01 LENOVO CB-01    00000001 ACPI 00040000)
Oct 18 22:45:41 jose-Lenovo-G475 kernel: [    0.000000] ACPI: FACS 66c98000 000040
Oct 18 22:45:41 jose-Lenovo-G475 kernel: [    0.000000] ACPI: SLIC 66ef4000 000176 (v01 LENOVO CB-01    00000001 ACPI 00040000)
Oct 18 22:45:41 jose-Lenovo-G475 kernel: [    0.000000] ACPI: HPET 66ef2000 000038 (v01 LENOVO CB-01    00000001 ACPI 00040000)
Oct 18 22:45:41 jose-Lenovo-G475 kernel: [    0.000000] ACPI: APIC 66ef1000 000084 (v02 INSYDE IS CRB   00000001 ACPI 00040000)
Oct 18 22:45:41 jose-Lenovo-G475 kernel: [    0.000000] ACPI: MCFG 66ef0000 00003C (v01 LENOVO CB-01    00000001 ACPI 00040000)
Oct 18 22:45:41 jose-Lenovo-G475 kernel: [    0.000000] ACPI: BOOT 66ee5000 000028 (v01 INSYDE IS CRB   00000001 ACPI 00040000)
Oct 18 22:45:41 jose-Lenovo-G475 kernel: [    0.000000] ACPI: SSDT 66ee4000 0003DE (v01 AMD    POWERNOW 00000001 AMD  00000001)
Oct 18 22:45:41 jose-Lenovo-G475 kernel: [    0.000000] ACPI: SSDT 66ee2000 00168E (v02    AMD     ALIB 00000001 MSFT 04000000)
Oct 18 22:45:41 jose-Lenovo-G475 kernel: [    0.000000] ACPI: Local APIC address 0xfee00000
Oct 18 22:45:41 jose-Lenovo-G475 kernel: [    0.000000] 755MB HIGHMEM available.
Oct 18 22:45:41 jose-Lenovo-G475 kernel: [    0.000000] 891MB LOWMEM available.
Oct 18 22:45:41 jose-Lenovo-G475 kernel: [    0.000000]   mapped low ram: 0 - 37bfe000
Oct 18 22:45:41 jose-Lenovo-G475 kernel: [    0.000000]   low ram: 0 - 37bfe000
Oct 18 22:45:41 jose-Lenovo-G475 kernel: [    0.000000] BRK [0x01b8f000, 0x01b8ffff] PGTABLE
Oct 18 22:45:41 jose-Lenovo-G475 kernel: [    0.000000] Zone ranges:
Oct 18 22:45:41 jose-Lenovo-G475 kernel: [    0.000000]   DMA      [mem 0x00001000-0x00ffffff]
Oct 18 22:45:41 jose-Lenovo-G475 kernel: [    0.000000]   Normal   [mem 0x01000000-0x37bfdfff]
Oct 18 22:45:41 jose-Lenovo-G475 kernel: [    0.000000]   HighMem  [mem 0x37bfe000-0x66efffff]
Oct 18 22:45:41 jose-Lenovo-G475 kernel: [    0.000000] Movable zone start for each node
Oct 18 22:45:41 jose-Lenovo-G475 kernel: [    0.000000] Early memory node ranges
Oct 18 22:45:41 jose-Lenovo-G475 kernel: [    0.000000]   node   0: [mem 0x00001000-0x0009efff]
Oct 18 22:45:41 jose-Lenovo-G475 kernel: [    0.000000]   node   0: [mem 0x00100000-0x66b3efff]
Oct 18 22:45:41 jose-Lenovo-G475 kernel: [    0.000000]   node   0: [mem 0x66ef6000-0x66efffff]
Oct 18 22:45:41 jose-Lenovo-G475 kernel: [    0.000000] On node 0 totalpages: 420583
Oct 18 22:45:41 jose-Lenovo-G475 kernel: [    0.000000] free_area_init_node: node 0, pgdat c1997200, node_mem_map f6f1e020
Oct 18 22:45:41 jose-Lenovo-G475 kernel: [    0.000000]   DMA zone: 32 pages used for memmap
Oct 18 22:45:41 jose-Lenovo-G475 kernel: [    0.000000]   DMA zone: 0 pages reserved
Oct 18 22:45:41 jose-Lenovo-G475 kernel: [    0.000000]   DMA zone: 3998 pages, LIFO batch:0
Oct 18 22:45:41 jose-Lenovo-G475 kernel: [    0.000000]   Normal zone: 1752 pages used for memmap
Oct 18 22:45:41 jose-Lenovo-G475 kernel: [    0.000000]   Normal zone: 224254 pages, LIFO batch:31
Oct 18 22:45:41 jose-Lenovo-G475 kernel: [    0.000000]   HighMem zone: 1511 pages used for memmap
Oct 18 22:45:41 jose-Lenovo-G475 kernel: [    0.000000]   HighMem zone: 192331 pages, LIFO batch:31
Oct 18 22:45:41 jose-Lenovo-G475 kernel: [    0.000000] Using APIC driver default
Oct 18 22:45:41 jose-Lenovo-G475 kernel: [    0.000000] ACPI: PM-Timer IO Port: 0x408
Oct 18 22:45:41 jose-Lenovo-G475 kernel: [    0.000000] ACPI: Local APIC address 0xfee00000
Oct 18 22:45:41 jose-Lenovo-G475 kernel: [    0.000000] ACPI: LAPIC (acpi_id[0x00] lapic_id[0x00] enabled)
Oct 18 22:45:41 jose-Lenovo-G475 kernel: [    0.000000] ACPI: LAPIC (acpi_id[0x01] lapic_id[0x01] enabled)
Oct 18 22:45:41 jose-Lenovo-G475 kernel: [    0.000000] ACPI: LAPIC (acpi_id[0x02] lapic_id[0x00] disabled)
Oct 18 22:45:41 jose-Lenovo-G475 kernel: [    0.000000] ACPI: LAPIC (acpi_id[0x03] lapic_id[0x00] disabled)
Oct 18 22:45:41 jose-Lenovo-G475 kernel: [    0.000000] ACPI: LAPIC_NMI (acpi_id[0x00] high edge lint[0x1])
Oct 18 22:45:41 jose-Lenovo-G475 kernel: [    0.000000] ACPI: LAPIC_NMI (acpi_id[0x01] high edge lint[0x1])
Oct 18 22:45:41 jose-Lenovo-G475 kernel: [    0.000000] ACPI: LAPIC_NMI (acpi_id[0x02] high edge lint[0x1])
Oct 18 22:45:41 jose-Lenovo-G475 kernel: [    0.000000] ACPI: LAPIC_NMI (acpi_id[0x03] high edge lint[0x1])
Oct 18 22:45:41 jose-Lenovo-G475 kernel: [    0.000000] ACPI: IOAPIC (id[0x04] address[0xfec00000] gsi_base[0])
Oct 18 22:45:41 jose-Lenovo-G475 kernel: [    0.000000] IOAPIC[0]: apic_id 4, version 33, address 0xfec00000, GSI 0-23
Oct 18 22:45:41 jose-Lenovo-G475 kernel: [    0.000000] ACPI: INT_SRC_OVR (bus 0 bus_irq 0 global_irq 2 dfl dfl)
Oct 18 22:45:41 jose-Lenovo-G475 kernel: [    0.000000] ACPI: INT_SRC_OVR (bus 0 bus_irq 9 global_irq 9 low level)
Oct 18 22:45:41 jose-Lenovo-G475 kernel: [    0.000000] ACPI: IRQ0 used by override.
Oct 18 22:45:41 jose-Lenovo-G475 kernel: [    0.000000] ACPI: IRQ2 used by override.
Oct 18 22:45:41 jose-Lenovo-G475 kernel: [    0.000000] ACPI: IRQ9 used by override.
Oct 18 22:45:41 jose-Lenovo-G475 kernel: [    0.000000] Using ACPI (MADT) for SMP configuration information
Oct 18 22:45:41 jose-Lenovo-G475 kernel: [    0.000000] ACPI: HPET id: 0x43538210 base: 0xfed00000
Oct 18 22:45:41 jose-Lenovo-G475 kernel: [    0.000000] smpboot: Allowing 4 CPUs, 2 hotplug CPUs
Oct 18 22:45:41 jose-Lenovo-G475 kernel: [    0.000000] nr_irqs_gsi: 40
Oct 18 22:45:41 jose-Lenovo-G475 kernel: [    0.000000] PM: Registered nosave memory: [mem 0x0009f000-0x0009ffff]
Oct 18 22:45:41 jose-Lenovo-G475 kernel: [    0.000000] PM: Registered nosave memory: [mem 0x000a0000-0x000dffff]
Oct 18 22:45:41 jose-Lenovo-G475 kernel: [    0.000000] PM: Registered nosave memory: [mem 0x000e0000-0x000fffff]
Oct 18 22:45:41 jose-Lenovo-G475 kernel: [    0.000000] e820: [mem 0x7f000000-0xf7ffffff] available for PCI devices
Oct 18 22:45:41 jose-Lenovo-G475 kernel: [    0.000000] Booting paravirtualized kernel on bare hardware
Oct 18 22:45:41 jose-Lenovo-G475 kernel: [    0.000000] setup_percpu: NR_CPUS:8 nr_cpumask_bits:8 nr_cpu_ids:4 nr_node_ids:1
Oct 18 22:45:41 jose-Lenovo-G475 kernel: [    0.000000] PERCPU: Embedded 14 pages/cpu @f6edd000 s36096 r0 d21248 u57344
Oct 18 22:45:41 jose-Lenovo-G475 kernel: [    0.000000] pcpu-alloc: s36096 r0 d21248 u57344 alloc=14*4096
Oct 18 22:45:41 jose-Lenovo-G475 kernel: [    0.000000] pcpu-alloc: [0] 0 [0] 1 [0] 2 [0] 3 
Oct 18 22:45:41 jose-Lenovo-G475 kernel: [    0.000000] Built 1 zonelists in Zone order, mobility grouping on.  Total pages: 418799
Oct 18 22:45:41 jose-Lenovo-G475 kernel: [    0.000000] Kernel command line: BOOT_IMAGE=/boot/vmlinuz-3.13.0-32-generic root=UUID=9dbcbe4f-c5b8-4390-ac99-166d45eb4499 ro quiet splash vt.handoff=7
Oct 18 22:45:41 jose-Lenovo-G475 kernel: [    0.000000] PID hash table entries: 4096 (order: 2, 16384 bytes)
Oct 18 22:45:41 jose-Lenovo-G475 kernel: [    0.000000] Dentry cache hash table entries: 131072 (order: 7, 524288 bytes)
Oct 18 22:45:41 jose-Lenovo-G475 kernel: [    0.000000] Inode-cache hash table entries: 65536 (order: 6, 262144 bytes)
Oct 18 22:45:41 jose-Lenovo-G475 kernel: [    0.000000] Initializing CPU#0
Oct 18 22:45:41 jose-Lenovo-G475 kernel: [    0.000000] allocated 3373048 bytes of page_cgroup
Oct 18 22:45:41 jose-Lenovo-G475 kernel: [    0.000000] please try 'cgroup_disable=memory' option if you don't want memory cgroups
Oct 18 22:45:41 jose-Lenovo-G475 kernel: [    0.000000] Initializing HighMem for node 0 (00037bfe:00066f00)
Oct 18 22:45:41 jose-Lenovo-G475 kernel: [    0.000000] Memory: 1634604K/1682332K available (6528K kernel code, 639K rwdata, 2760K rodata, 872K init, 924K bss, 47728K reserved, 769324K highmem)
Oct 18 22:45:41 jose-Lenovo-G475 kernel: [    0.000000] virtual kernel memory layout:
Oct 18 22:45:41 jose-Lenovo-G475 kernel: [    0.000000]     fixmap  : 0xfff14000 - 0xfffff000   ( 940 kB)
Oct 18 22:45:41 jose-Lenovo-G475 kernel: [    0.000000]     pkmap   : 0xffc00000 - 0xffe00000   (2048 kB)
Oct 18 22:45:41 jose-Lenovo-G475 kernel: [    0.000000]     vmalloc : 0xf83fe000 - 0xffbfe000   ( 120 MB)
Oct 18 22:45:41 jose-Lenovo-G475 kernel: [    0.000000]     lowmem  : 0xc0000000 - 0xf7bfe000   ( 891 MB)
Oct 18 22:45:41 jose-Lenovo-G475 kernel: [    0.000000]       .init : 0xc19b4000 - 0xc1a8e000   ( 872 kB)
Oct 18 22:45:41 jose-Lenovo-G475 kernel: [    0.000000]       .data : 0xc1660532 - 0xc19b3e80   (3406 kB)
Oct 18 22:45:41 jose-Lenovo-G475 kernel: [    0.000000]       .text : 0xc1000000 - 0xc1660532   (6529 kB)
Oct 18 22:45:41 jose-Lenovo-G475 kernel: [    0.000000] Checking if this processor honours the WP bit even in supervisor mode...Ok.
Oct 18 22:45:41 jose-Lenovo-G475 kernel: [    0.000000] SLUB: HWalign=64, Order=0-3, MinObjects=0, CPUs=4, Nodes=1
Oct 18 22:45:41 jose-Lenovo-G475 kernel: [    0.000000] Hierarchical RCU implementation.
Oct 18 22:45:41 jose-Lenovo-G475 kernel: [    0.000000] 	RCU dyntick-idle grace-period acceleration is enabled.
Oct 18 22:45:41 jose-Lenovo-G475 kernel: [    0.000000] 	RCU restricting CPUs from NR_CPUS=8 to nr_cpu_ids=4.
Oct 18 22:45:41 jose-Lenovo-G475 kernel: [    0.000000] NR_IRQS:2304 nr_irqs:712 16
Oct 18 22:45:41 jose-Lenovo-G475 kernel: [    0.000000] CPU 0 irqstacks, hard=f5408000 soft=f540a000
Oct 18 22:45:41 jose-Lenovo-G475 kernel: [    0.000000] spurious 8259A interrupt: IRQ7.
Oct 18 22:45:41 jose-Lenovo-G475 kernel: [    0.000000] Console: colour dummy device 80x25
Oct 18 22:45:41 jose-Lenovo-G475 kernel: [    0.000000] console [tty0] enabled
Oct 18 22:45:41 jose-Lenovo-G475 kernel: [    0.000000] hpet clockevent registered
Oct 18 22:45:41 jose-Lenovo-G475 kernel: [    0.000000] tsc: Fast TSC calibration using PIT
Oct 18 22:45:41 jose-Lenovo-G475 kernel: [    0.004000] tsc: Detected 1645.711 MHz processor
Oct 18 22:45:41 jose-Lenovo-G475 kernel: [    0.000005] Calibrating delay loop (skipped), value calculated using timer frequency.. 3291.42 BogoMIPS (lpj=6582844)
Oct 18 22:45:41 jose-Lenovo-G475 kernel: [    0.000011] pid_max: default: 32768 minimum: 301
Oct 18 22:45:41 jose-Lenovo-G475 kernel: [    0.000066] Security Framework initialized
Oct 18 22:45:41 jose-Lenovo-G475 kernel: [    0.000100] AppArmor: AppArmor initialized
Oct 18 22:45:41 jose-Lenovo-G475 kernel: [    0.000103] Yama: becoming mindful.
Oct 18 22:45:41 jose-Lenovo-G475 kernel: [    0.000188] Mount-cache hash table entries: 2048 (order: 1, 8192 bytes)
Oct 18 22:45:41 jose-Lenovo-G475 kernel: [    0.000193] Mountpoint-cache hash table entries: 2048 (order: 1, 8192 bytes)
Oct 18 22:45:41 jose-Lenovo-G475 kernel: [    0.000550] Initializing cgroup subsys memory
Oct 18 22:45:41 jose-Lenovo-G475 kernel: [    0.000564] Initializing cgroup subsys devices
Oct 18 22:45:41 jose-Lenovo-G475 kernel: [    0.000567] Initializing cgroup subsys freezer
Oct 18 22:45:41 jose-Lenovo-G475 kernel: [    0.000572] Initializing cgroup subsys blkio
Oct 18 22:45:41 jose-Lenovo-G475 kernel: [    0.000575] Initializing cgroup subsys perf_event
Oct 18 22:45:41 jose-Lenovo-G475 kernel: [    0.000580] Initializing cgroup subsys hugetlb
Oct 18 22:45:41 jose-Lenovo-G475 kernel: [    0.000626] CPU: Physical Processor ID: 0
Oct 18 22:45:41 jose-Lenovo-G475 kernel: [    0.000629] CPU: Processor Core ID: 0
Oct 18 22:45:41 jose-Lenovo-G475 kernel: [    0.000635] mce: CPU supports 6 MCE banks
Oct 18 22:45:41 jose-Lenovo-G475 kernel: [    0.000659] Last level iTLB entries: 4KB 512, 2MB 8, 4MB 4
Oct 18 22:45:41 jose-Lenovo-G475 kernel: [    0.000659] Last level dTLB entries: 4KB 512, 2MB 8, 4MB 4
Oct 18 22:45:41 jose-Lenovo-G475 kernel: [    0.000659] tlb_flushall_shift: 5
Oct 18 22:45:41 jose-Lenovo-G475 kernel: [    0.001380] Freeing SMP alternatives memory: 32K (c1a8e000 - c1a96000)
Oct 18 22:45:41 jose-Lenovo-G475 kernel: [    0.003897] ACPI: Core revision 20131115
Oct 18 22:45:41 jose-Lenovo-G475 kernel: [    0.013936] ACPI: All ACPI Tables successfully acquired
Oct 18 22:45:41 jose-Lenovo-G475 kernel: [    0.015886] ftrace: allocating 27783 entries in 55 pages
Oct 18 22:45:41 jose-Lenovo-G475 kernel: [    0.041024] Enabling APIC mode:  Flat.  Using 1 I/O APICs
Oct 18 22:45:41 jose-Lenovo-G475 kernel: [    0.041409] ..TIMER: vector=0x30 apic1=0 pin1=2 apic2=-1 pin2=-1
Oct 18 22:45:41 jose-Lenovo-G475 kernel: [    0.081086] smpboot: CPU0: AMD E-450 APU with Radeon(tm) HD Graphics (fam: 14, model: 02, stepping: 00)
Oct 18 22:45:41 jose-Lenovo-G475 kernel: [    0.186906] Performance Events: AMD PMU driver.
Oct 18 22:45:41 jose-Lenovo-G475 kernel: [    0.186916] ... version:                0
Oct 18 22:45:41 jose-Lenovo-G475 kernel: [    0.186918] ... bit width:              48
Oct 18 22:45:41 jose-Lenovo-G475 kernel: [    0.186921] ... generic registers:      4
Oct 18 22:45:41 jose-Lenovo-G475 kernel: [    0.186924] ... value mask:             0000ffffffffffff
Oct 18 22:45:41 jose-Lenovo-G475 kernel: [    0.186927] ... max period:             00007fffffffffff
Oct 18 22:45:41 jose-Lenovo-G475 kernel: [    0.186929] ... fixed-purpose events:   0
Oct 18 22:45:41 jose-Lenovo-G475 kernel: [    0.186932] ... event mask:             000000000000000f
Oct 18 22:45:41 jose-Lenovo-G475 kernel: [    0.190173] NMI watchdog: enabled on all CPUs, permanently consumes one hw-PMU counter.
Oct 18 22:45:41 jose-Lenovo-G475 kernel: [    0.190369] CPU 1 irqstacks, hard=f5500000 soft=f5502000
Oct 18 22:45:41 jose-Lenovo-G475 kernel: [    0.190373] x86: Booting SMP configuration:
Oct 18 22:45:41 jose-Lenovo-G475 kernel: [    0.200345] Initializing CPU#1
Oct 18 22:45:41 jose-Lenovo-G475 kernel: [    0.190377] .... node  #0, CPUs:      #1
Oct 18 22:45:41 jose-Lenovo-G475 kernel: [    0.203462] x86: Booted up 1 node, 2 CPUs
Oct 18 22:45:41 jose-Lenovo-G475 kernel: [    0.203469] smpboot: Total of 2 processors activated (6582.84 BogoMIPS)
Oct 18 22:45:41 jose-Lenovo-G475 kernel: [    0.204325] devtmpfs: initialized
Oct 18 22:45:41 jose-Lenovo-G475 kernel: [    0.204659] EVM: security.selinux
Oct 18 22:45:41 jose-Lenovo-G475 kernel: [    0.204663] EVM: security.SMACK64
Oct 18 22:45:41 jose-Lenovo-G475 kernel: [    0.204665] EVM: security.ima
Oct 18 22:45:41 jose-Lenovo-G475 kernel: [    0.204668] EVM: security.capability
Oct 18 22:45:41 jose-Lenovo-G475 kernel: [    0.204823] PM: Registering ACPI NVS region [mem 0x66bbf000-0x66ebefff] (3145728 bytes)
Oct 18 22:45:41 jose-Lenovo-G475 kernel: [    0.206877] pinctrl core: initialized pinctrl subsystem
Oct 18 22:45:41 jose-Lenovo-G475 kernel: [    0.207040] regulator-dummy: no parameters
Oct 18 22:45:41 jose-Lenovo-G475 kernel: [    0.207083] RTC time:  3:15:25, date: 10/19/15
Oct 18 22:45:41 jose-Lenovo-G475 kernel: [    0.207167] NET: Registered protocol family 16
Oct 18 22:45:41 jose-Lenovo-G475 kernel: [    0.207403] EISA bus registered
Oct 18 22:45:41 jose-Lenovo-G475 kernel: [    0.207408] cpuidle: using governor ladder
Oct 18 22:45:41 jose-Lenovo-G475 kernel: [    0.207411] cpuidle: using governor menu
Oct 18 22:45:41 jose-Lenovo-G475 kernel: [    0.207642] ACPI: bus type PCI registered
Oct 18 22:45:41 jose-Lenovo-G475 kernel: [    0.207647] acpiphp: ACPI Hot Plug PCI Controller Driver version: 0.5
Oct 18 22:45:41 jose-Lenovo-G475 kernel: [    0.207796] PCI: MMCONFIG for domain 0000 [bus 00-3f] at [mem 0xf8000000-0xfbffffff] (base 0xf8000000)
Oct 18 22:45:41 jose-Lenovo-G475 kernel: [    0.207802] PCI: MMCONFIG at [mem 0xf8000000-0xfbffffff] reserved in E820
Oct 18 22:45:41 jose-Lenovo-G475 kernel: [    0.207805] PCI: Using MMCONFIG for extended config space
Oct 18 22:45:41 jose-Lenovo-G475 kernel: [    0.207808] PCI: Using configuration type 1 for base access
Oct 18 22:45:41 jose-Lenovo-G475 kernel: [    0.207973] mtrr: your CPUs had inconsistent variable MTRR settings
Oct 18 22:45:41 jose-Lenovo-G475 kernel: [    0.207976] mtrr: probably your BIOS does not setup all CPUs.
Oct 18 22:45:41 jose-Lenovo-G475 kernel: [    0.207978] mtrr: corrected configuration.
Oct 18 22:45:41 jose-Lenovo-G475 kernel: [    0.209781] bio: create slab <bio-0> at 0
Oct 18 22:45:41 jose-Lenovo-G475 kernel: [    0.210369] ACPI: Added _OSI(Module Device)
Oct 18 22:45:41 jose-Lenovo-G475 kernel: [    0.210378] ACPI: Added _OSI(Processor Device)
Oct 18 22:45:41 jose-Lenovo-G475 kernel: [    0.210381] ACPI: Added _OSI(3.0 _SCP Extensions)
Oct 18 22:45:41 jose-Lenovo-G475 kernel: [    0.210385] ACPI: Added _OSI(Processor Aggregator Device)
Oct 18 22:45:41 jose-Lenovo-G475 kernel: [    0.215857] ACPI: Executed 1 blocks of module-level executable AML code
Oct 18 22:45:41 jose-Lenovo-G475 kernel: [    0.221093] [Firmware Bug]: ACPI: BIOS _OSI(Linux) query ignored
Oct 18 22:45:41 jose-Lenovo-G475 kernel: [    0.232107] ACPI: Interpreter enabled
Oct 18 22:45:41 jose-Lenovo-G475 kernel: [    0.232133] ACPI Exception: AE_NOT_FOUND, While evaluating Sleep State [\_S1_] (20131115/hwxface-580)
Oct 18 22:45:41 jose-Lenovo-G475 kernel: [    0.232142] ACPI Exception: AE_NOT_FOUND, While evaluating Sleep State [\_S2_] (20131115/hwxface-580)
Oct 18 22:45:41 jose-Lenovo-G475 kernel: [    0.232175] ACPI: (supports S0 S3 S4 S5)
Oct 18 22:45:41 jose-Lenovo-G475 kernel: [    0.232179] ACPI: Using IOAPIC for interrupt routing
Oct 18 22:45:41 jose-Lenovo-G475 kernel: [    0.232482] PCI: Using host bridge windows from ACPI; if necessary, use "pci=nocrs" and report a bug
Oct 18 22:45:41 jose-Lenovo-G475 kernel: [    0.232757] ACPI: No dock devices found.
Oct 18 22:45:41 jose-Lenovo-G475 kernel: [    0.335250] ACPI: PCI Root Bridge [PCI0] (domain 0000 [bus 00-ff])
Oct 18 22:45:41 jose-Lenovo-G475 kernel: [    0.335270] acpi PNP0A08:00: _OSC: OS supports [ExtendedConfig ASPM ClockPM Segments MSI]
Oct 18 22:45:41 jose-Lenovo-G475 kernel: [    0.335331] \_SB_.PCI0:_OSC request failed
Oct 18 22:45:41 jose-Lenovo-G475 kernel: [    0.335334] _OSC request data:1 1f 0 
Oct 18 22:45:41 jose-Lenovo-G475 kernel: [    0.335344] acpi PNP0A08:00: _OSC failed (AE_ERROR); disabling ASPM
Oct 18 22:45:41 jose-Lenovo-G475 kernel: [    0.335601] acpi PNP0A08:00: ignoring host bridge window [mem 0x000cc000-0x000cffff] (conflicts with Video ROM [mem 0x000c0000-0x000ce3ff])
Oct 18 22:45:41 jose-Lenovo-G475 kernel: [    0.335611] acpi PNP0A08:00: [Firmware Info]: MMCONFIG for domain 0000 [bus 00-3f] only partially covers this bridge
Oct 18 22:45:41 jose-Lenovo-G475 kernel: [    0.336044] PCI host bridge to bus 0000:00
Oct 18 22:45:41 jose-Lenovo-G475 kernel: [    0.336051] pci_bus 0000:00: root bus resource [bus 00-ff]
Oct 18 22:45:41 jose-Lenovo-G475 kernel: [    0.336055] pci_bus 0000:00: root bus resource [io  0x0000-0x0cf7]
Oct 18 22:45:41 jose-Lenovo-G475 kernel: [    0.336060] pci_bus 0000:00: root bus resource [io  0x0d00-0xffff]
Oct 18 22:45:41 jose-Lenovo-G475 kernel: [    0.336064] pci_bus 0000:00: root bus resource [mem 0x000a0000-0x000bffff]
Oct 18 22:45:41 jose-Lenovo-G475 kernel: [    0.336068] pci_bus 0000:00: root bus resource [mem 0x000c0000-0x000c3fff]
Oct 18 22:45:41 jose-Lenovo-G475 kernel: [    0.336072] pci_bus 0000:00: root bus resource [mem 0x000c4000-0x000c7fff]
Oct 18 22:45:41 jose-Lenovo-G475 kernel: [    0.336076] pci_bus 0000:00: root bus resource [mem 0x000c8000-0x000cbfff]
Oct 18 22:45:41 jose-Lenovo-G475 kernel: [    0.336080] pci_bus 0000:00: root bus resource [mem 0x000d0000-0x000d3fff]
Oct 18 22:45:41 jose-Lenovo-G475 kernel: [    0.336084] pci_bus 0000:00: root bus resource [mem 0x000d4000-0x000d7fff]
Oct 18 22:45:41 jose-Lenovo-G475 kernel: [    0.336088] pci_bus 0000:00: root bus resource [mem 0x000d8000-0x000dbfff]
Oct 18 22:45:41 jose-Lenovo-G475 kernel: [    0.336092] pci_bus 0000:00: root bus resource [mem 0x000dc000-0x000dffff]
Oct 18 22:45:41 jose-Lenovo-G475 kernel: [    0.336096] pci_bus 0000:00: root bus resource [mem 0x000e0000-0x000e3fff]
Oct 18 22:45:41 jose-Lenovo-G475 kernel: [    0.336100] pci_bus 0000:00: root bus resource [mem 0x000e4000-0x000e7fff]
Oct 18 22:45:41 jose-Lenovo-G475 kernel: [    0.336103] pci_bus 0000:00: root bus resource [mem 0x000e8000-0x000ebfff]
Oct 18 22:45:41 jose-Lenovo-G475 kernel: [    0.336107] pci_bus 0000:00: root bus resource [mem 0x000ec000-0x000effff]
Oct 18 22:45:41 jose-Lenovo-G475 kernel: [    0.336111] pci_bus 0000:00: root bus resource [mem 0x7f000000-0xf7ffffff]
Oct 18 22:45:41 jose-Lenovo-G475 kernel: [    0.336115] pci_bus 0000:00: root bus resource [mem 0xfc000000-0xffffffff]
Oct 18 22:45:41 jose-Lenovo-G475 kernel: [    0.336132] pci 0000:00:00.0: [1022:1510] type 00 class 0x060000
Oct 18 22:45:41 jose-Lenovo-G475 kernel: [    0.336309] pci 0000:00:01.0: [1002:9806] type 00 class 0x030000
Oct 18 22:45:41 jose-Lenovo-G475 kernel: [    0.336328] pci 0000:00:01.0: reg 0x10: [mem 0x80000000-0x8fffffff pref]
Oct 18 22:45:41 jose-Lenovo-G475 kernel: [    0.336339] pci 0000:00:01.0: reg 0x14: [io  0x3000-0x30ff]
Oct 18 22:45:41 jose-Lenovo-G475 kernel: [    0.336350] pci 0000:00:01.0: reg 0x18: [mem 0x90200000-0x9023ffff]
Oct 18 22:45:41 jose-Lenovo-G475 kernel: [    0.336415] pci 0000:00:01.0: supports D1 D2
Oct 18 22:45:41 jose-Lenovo-G475 kernel: [    0.336583] pci 0000:00:11.0: [1002:4391] type 00 class 0x010601
Oct 18 22:45:41 jose-Lenovo-G475 kernel: [    0.336611] pci 0000:00:11.0: reg 0x10: [io  0x3118-0x311f]
Oct 18 22:45:41 jose-Lenovo-G475 kernel: [    0.336626] pci 0000:00:11.0: reg 0x14: [io  0x3124-0x3127]
Oct 18 22:45:41 jose-Lenovo-G475 kernel: [    0.336640] pci 0000:00:11.0: reg 0x18: [io  0x3110-0x3117]
Oct 18 22:45:41 jose-Lenovo-G475 kernel: [    0.336655] pci 0000:00:11.0: reg 0x1c: [io  0x3120-0x3123]
Oct 18 22:45:41 jose-Lenovo-G475 kernel: [    0.336670] pci 0000:00:11.0: reg 0x20: [io  0x3100-0x310f]
Oct 18 22:45:41 jose-Lenovo-G475 kernel: [    0.336685] pci 0000:00:11.0: reg 0x24: [mem 0x90248000-0x902483ff]
Oct 18 22:45:41 jose-Lenovo-G475 kernel: [    0.336878] pci 0000:00:12.0: [1002:4397] type 00 class 0x0c0310
Oct 18 22:45:41 jose-Lenovo-G475 kernel: [    0.336899] pci 0000:00:12.0: reg 0x10: [mem 0x90247000-0x90247fff]
Oct 18 22:45:41 jose-Lenovo-G475 kernel: [    0.337061] pci 0000:00:12.0: System wakeup disabled by ACPI
Oct 18 22:45:41 jose-Lenovo-G475 kernel: [    0.337133] pci 0000:00:12.2: [1002:4396] type 00 class 0x0c0320
Oct 18 22:45:41 jose-Lenovo-G475 kernel: [    0.337682] pci 0000:00:12.2: reg 0x10: [mem 0x90246000-0x902460ff]
Oct 18 22:45:41 jose-Lenovo-G475 kernel: [    0.340548] pci 0000:00:12.2: supports D1 D2
Oct 18 22:45:41 jose-Lenovo-G475 kernel: [    0.340553] pci 0000:00:12.2: PME# supported from D0 D1 D2 D3hot
Oct 18 22:45:41 jose-Lenovo-G475 kernel: [    0.340655] pci 0000:00:12.2: System wakeup disabled by ACPI
Oct 18 22:45:41 jose-Lenovo-G475 kernel: [    0.340727] pci 0000:00:13.0: [1002:4397] type 00 class 0x0c0310
Oct 18 22:45:41 jose-Lenovo-G475 kernel: [    0.340749] pci 0000:00:13.0: reg 0x10: [mem 0x90245000-0x90245fff]
Oct 18 22:45:41 jose-Lenovo-G475 kernel: [    0.340908] pci 0000:00:13.0: System wakeup disabled by ACPI
Oct 18 22:45:41 jose-Lenovo-G475 kernel: [    0.340978] pci 0000:00:13.2: [1002:4396] type 00 class 0x0c0320
Oct 18 22:45:41 jose-Lenovo-G475 kernel: [    0.341464] pci 0000:00:13.2: reg 0x10: [mem 0x90244000-0x902440ff]
Oct 18 22:45:41 jose-Lenovo-G475 kernel: [    0.344320] pci 0000:00:13.2: supports D1 D2
Oct 18 22:45:41 jose-Lenovo-G475 kernel: [    0.344324] pci 0000:00:13.2: PME# supported from D0 D1 D2 D3hot
Oct 18 22:45:41 jose-Lenovo-G475 kernel: [    0.344420] pci 0000:00:13.2: System wakeup disabled by ACPI
Oct 18 22:45:41 jose-Lenovo-G475 kernel: [    0.344493] pci 0000:00:14.0: [1002:4385] type 00 class 0x0c0500
Oct 18 22:45:41 jose-Lenovo-G475 kernel: [    0.344715] pci 0000:00:14.2: [1002:4383] type 00 class 0x040300
Oct 18 22:45:41 jose-Lenovo-G475 kernel: [    0.344747] pci 0000:00:14.2: reg 0x10: [mem 0x90240000-0x90243fff 64bit]
Oct 18 22:45:41 jose-Lenovo-G475 kernel: [    0.344839] pci 0000:00:14.2: PME# supported from D0 D3hot D3cold
Oct 18 22:45:41 jose-Lenovo-G475 kernel: [    0.344984] pci 0000:00:14.3: [1002:439d] type 00 class 0x060100
Oct 18 22:45:41 jose-Lenovo-G475 kernel: [    0.345205] pci 0000:00:14.4: [1002:4384] type 01 class 0x060401
Oct 18 22:45:41 jose-Lenovo-G475 kernel: [    0.345337] pci 0000:00:14.4: System wakeup disabled by ACPI
Oct 18 22:45:41 jose-Lenovo-G475 kernel: [    0.345411] pci 0000:00:15.0: [1002:43a0] type 01 class 0x060400
Oct 18 22:45:41 jose-Lenovo-G475 kernel: [    0.345522] pci 0000:00:15.0: supports D1 D2
Oct 18 22:45:41 jose-Lenovo-G475 kernel: [    0.345621] pci 0000:00:15.0: System wakeup disabled by ACPI
Oct 18 22:45:41 jose-Lenovo-G475 kernel: [    0.345691] pci 0000:00:15.1: [1002:43a1] type 01 class 0x060400
Oct 18 22:45:41 jose-Lenovo-G475 kernel: [    0.345801] pci 0000:00:15.1: supports D1 D2
Oct 18 22:45:41 jose-Lenovo-G475 kernel: [    0.345961] pci 0000:00:18.0: [1022:1700] type 00 class 0x060000
Oct 18 22:45:41 jose-Lenovo-G475 kernel: [    0.346131] pci 0000:00:18.1: [1022:1701] type 00 class 0x060000
Oct 18 22:45:41 jose-Lenovo-G475 kernel: [    0.346287] pci 0000:00:18.2: [1022:1702] type 00 class 0x060000
Oct 18 22:45:41 jose-Lenovo-G475 kernel: [    0.346441] pci 0000:00:18.3: [1022:1703] type 00 class 0x060000
Oct 18 22:45:41 jose-Lenovo-G475 kernel: [    0.346620] pci 0000:00:18.4: [1022:1704] type 00 class 0x060000
Oct 18 22:45:41 jose-Lenovo-G475 kernel: [    0.346774] pci 0000:00:18.5: [1022:1718] type 00 class 0x060000
Oct 18 22:45:41 jose-Lenovo-G475 kernel: [    0.346937] pci 0000:00:18.6: [1022:1716] type 00 class 0x060000
Oct 18 22:45:41 jose-Lenovo-G475 kernel: [    0.347088] pci 0000:00:18.7: [1022:1719] type 00 class 0x060000
Oct 18 22:45:41 jose-Lenovo-G475 kernel: [    0.347354] pci 0000:00:14.4: PCI bridge to [bus 01] (subtractive decode)
Oct 18 22:45:41 jose-Lenovo-G475 kernel: [    0.347370] pci 0000:00:14.4:   bridge window [io  0x0000-0x0cf7] (subtractive decode)
Oct 18 22:45:41 jose-Lenovo-G475 kernel: [    0.347375] pci 0000:00:14.4:   bridge window [io  0x0d00-0xffff] (subtractive decode)
Oct 18 22:45:41 jose-Lenovo-G475 kernel: [    0.347379] pci 0000:00:14.4:   bridge window [mem 0x000a0000-0x000bffff] (subtractive decode)
Oct 18 22:45:41 jose-Lenovo-G475 kernel: [    0.347383] pci 0000:00:14.4:   bridge window [mem 0x000c0000-0x000c3fff] (subtractive decode)
Oct 18 22:45:41 jose-Lenovo-G475 kernel: [    0.347387] pci 0000:00:14.4:   bridge window [mem 0x000c4000-0x000c7fff] (subtractive decode)
Oct 18 22:45:41 jose-Lenovo-G475 kernel: [    0.347391] pci 0000:00:14.4:   bridge window [mem 0x000c8000-0x000cbfff] (subtractive decode)
Oct 18 22:45:41 jose-Lenovo-G475 kernel: [    0.347395] pci 0000:00:14.4:   bridge window [mem 0x000d0000-0x000d3fff] (subtractive decode)
Oct 18 22:45:41 jose-Lenovo-G475 kernel: [    0.347399] pci 0000:00:14.4:   bridge window [mem 0x000d4000-0x000d7fff] (subtractive decode)
Oct 18 22:45:41 jose-Lenovo-G475 kernel: [    0.347403] pci 0000:00:14.4:   bridge window [mem 0x000d8000-0x000dbfff] (subtractive decode)
Oct 18 22:45:41 jose-Lenovo-G475 kernel: [    0.347407] pci 0000:00:14.4:   bridge window [mem 0x000dc000-0x000dffff] (subtractive decode)
Oct 18 22:45:41 jose-Lenovo-G475 kernel: [    0.347411] pci 0000:00:14.4:   bridge window [mem 0x000e0000-0x000e3fff] (subtractive decode)
Oct 18 22:45:41 jose-Lenovo-G475 kernel: [    0.347415] pci 0000:00:14.4:   bridge window [mem 0x000e4000-0x000e7fff] (subtractive decode)
Oct 18 22:45:41 jose-Lenovo-G475 kernel: [    0.347419] pci 0000:00:14.4:   bridge window [mem 0x000e8000-0x000ebfff] (subtractive decode)
Oct 18 22:45:41 jose-Lenovo-G475 kernel: [    0.347423] pci 0000:00:14.4:   bridge window [mem 0x000ec000-0x000effff] (subtractive decode)
Oct 18 22:45:41 jose-Lenovo-G475 kernel: [    0.347428] pci 0000:00:14.4:   bridge window [mem 0x7f000000-0xf7ffffff] (subtractive decode)
Oct 18 22:45:41 jose-Lenovo-G475 kernel: [    0.347432] pci 0000:00:14.4:   bridge window [mem 0xfc000000-0xffffffff] (subtractive decode)
Oct 18 22:45:41 jose-Lenovo-G475 kernel: [    0.347571] pci 0000:02:00.0: [1969:2062] type 00 class 0x020000
Oct 18 22:45:41 jose-Lenovo-G475 kernel: [    0.347606] pci 0000:02:00.0: reg 0x10: [mem 0x90100000-0x9013ffff 64bit]
Oct 18 22:45:41 jose-Lenovo-G475 kernel: [    0.347625] pci 0000:02:00.0: reg 0x18: [io  0x2000-0x207f]
Oct 18 22:45:41 jose-Lenovo-G475 kernel: [    0.347768] pci 0000:02:00.0: PME# supported from D0 D1 D2 D3hot D3cold
Oct 18 22:45:41 jose-Lenovo-G475 kernel: [    0.355091] pci 0000:00:15.0: PCI bridge to [bus 02]
Oct 18 22:45:41 jose-Lenovo-G475 kernel: [    0.355118] pci 0000:00:15.0:   bridge window [io  0x2000-0x2fff]
Oct 18 22:45:41 jose-Lenovo-G475 kernel: [    0.355129] pci 0000:00:15.0:   bridge window [mem 0x90100000-0x901fffff]
Oct 18 22:45:41 jose-Lenovo-G475 kernel: [    0.355344] pci 0000:03:00.0: [168c:002b] type 00 class 0x028000
Oct 18 22:45:41 jose-Lenovo-G475 kernel: [    0.355386] pci 0000:03:00.0: reg 0x10: [mem 0x90000000-0x9000ffff 64bit]
Oct 18 22:45:41 jose-Lenovo-G475 kernel: [    0.355539] pci 0000:03:00.0: supports D1
Oct 18 22:45:41 jose-Lenovo-G475 kernel: [    0.355543] pci 0000:03:00.0: PME# supported from D0 D1 D3hot
Oct 18 22:45:41 jose-Lenovo-G475 kernel: [    0.363082] pci 0000:00:15.1: PCI bridge to [bus 03]
Oct 18 22:45:41 jose-Lenovo-G475 kernel: [    0.363116] pci 0000:00:15.1:   bridge window [mem 0x90000000-0x900fffff]
Oct 18 22:45:41 jose-Lenovo-G475 kernel: [    0.363167] pci_bus 0000:00: on NUMA node 0
Oct 18 22:45:41 jose-Lenovo-G475 kernel: [    0.380774] ACPI: PCI Interrupt Link [LNKA] (IRQs 3 4 5 7 10 11 12 14 15) *0
Oct 18 22:45:41 jose-Lenovo-G475 kernel: [    0.380912] ACPI: PCI Interrupt Link [LNKB] (IRQs 3 4 5 7 10 11 12 14 15) *0
Oct 18 22:45:41 jose-Lenovo-G475 kernel: [    0.381046] ACPI: PCI Interrupt Link [LNKC] (IRQs 3 4 5 7 10 11 12 14 15) *0
Oct 18 22:45:41 jose-Lenovo-G475 kernel: [    0.381177] ACPI: PCI Interrupt Link [LNKD] (IRQs 3 4 5 7 10 11 12 14 15) *0
Oct 18 22:45:41 jose-Lenovo-G475 kernel: [    0.381287] ACPI: PCI Interrupt Link [LNKE] (IRQs 3 4 5 7 10 11 12 14 15) *0
Oct 18 22:45:41 jose-Lenovo-G475 kernel: [    0.381378] ACPI: PCI Interrupt Link [LNKF] (IRQs 3 4 5 7 10 11 12 14 15) *0
Oct 18 22:45:41 jose-Lenovo-G475 kernel: [    0.381469] ACPI: PCI Interrupt Link [LNKG] (IRQs 3 4 5 7 10 11 12 14 15) *0
Oct 18 22:45:41 jose-Lenovo-G475 kernel: [    0.381559] ACPI: PCI Interrupt Link [LNKH] (IRQs 3 4 5 7 10 11 12 14 15) *0
Oct 18 22:45:41 jose-Lenovo-G475 kernel: [    0.381844] ACPI: \_SB_.PCI0: notify handler is installed
Oct 18 22:45:41 jose-Lenovo-G475 kernel: [    0.381953] Found 1 acpi root devices
Oct 18 22:45:41 jose-Lenovo-G475 kernel: [    0.382044] ACPI : EC: GPE = 0x3, I/O: command/status = 0x66, data = 0x62
Oct 18 22:45:41 jose-Lenovo-G475 kernel: [    0.382436] vgaarb: device added: PCI:0000:00:01.0,decodes=io+mem,owns=io+mem,locks=none
Oct 18 22:45:41 jose-Lenovo-G475 kernel: [    0.382453] vgaarb: loaded
Oct 18 22:45:41 jose-Lenovo-G475 kernel: [    0.382456] vgaarb: bridge control possible 0000:00:01.0
Oct 18 22:45:41 jose-Lenovo-G475 kernel: [    0.382863] SCSI subsystem initialized
Oct 18 22:45:41 jose-Lenovo-G475 kernel: [    0.383081] libata version 3.00 loaded.
Oct 18 22:45:41 jose-Lenovo-G475 kernel: [    0.383155] ACPI: bus type USB registered
Oct 18 22:45:41 jose-Lenovo-G475 kernel: [    0.383199] usbcore: registered new interface driver usbfs
Oct 18 22:45:41 jose-Lenovo-G475 kernel: [    0.383218] usbcore: registered new interface driver hub
Oct 18 22:45:41 jose-Lenovo-G475 kernel: [    0.383490] usbcore: registered new device driver usb
Oct 18 22:45:41 jose-Lenovo-G475 kernel: [    0.383812] PCI: Using ACPI for IRQ routing
Oct 18 22:45:41 jose-Lenovo-G475 kernel: [    0.386459] PCI: pci_cache_line_size set to 64 bytes
Oct 18 22:45:41 jose-Lenovo-G475 kernel: [    0.386558] e820: reserve RAM buffer [mem 0x0009f800-0x0009ffff]
Oct 18 22:45:41 jose-Lenovo-G475 kernel: [    0.386562] e820: reserve RAM buffer [mem 0x66b3f000-0x67ffffff]
Oct 18 22:45:41 jose-Lenovo-G475 kernel: [    0.386567] e820: reserve RAM buffer [mem 0x66f00000-0x67ffffff]
Oct 18 22:45:41 jose-Lenovo-G475 kernel: [    0.386771] NetLabel: Initializing
Oct 18 22:45:41 jose-Lenovo-G475 kernel: [    0.386775] NetLabel:  domain hash size = 128
Oct 18 22:45:41 jose-Lenovo-G475 kernel: [    0.386777] NetLabel:  protocols = UNLABELED CIPSOv4
Oct 18 22:45:41 jose-Lenovo-G475 kernel: [    0.386801] NetLabel:  unlabeled traffic allowed by default
Oct 18 22:45:41 jose-Lenovo-G475 kernel: [    0.387084] hpet0: at MMIO 0xfed00000, IRQs 2, 8, 0
Oct 18 22:45:41 jose-Lenovo-G475 kernel: [    0.387097] hpet0: 3 comparators, 32-bit 14.318180 MHz counter
Oct 18 22:45:41 jose-Lenovo-G475 kernel: [    0.389198] Switched to clocksource hpet
Oct 18 22:45:41 jose-Lenovo-G475 kernel: [    0.399548] AppArmor: AppArmor Filesystem Enabled
Oct 18 22:45:41 jose-Lenovo-G475 kernel: [    0.399618] pnp: PnP ACPI init
Oct 18 22:45:41 jose-Lenovo-G475 kernel: [    0.399649] ACPI: bus type PNP registered
Oct 18 22:45:41 jose-Lenovo-G475 kernel: [    0.399932] system 00:00: [mem 0xfec00000-0xfec00fff] could not be reserved
Oct 18 22:45:41 jose-Lenovo-G475 kernel: [    0.399938] system 00:00: [mem 0xfee00000-0xfee00fff] has been reserved
Oct 18 22:45:41 jose-Lenovo-G475 kernel: [    0.399947] system 00:00: Plug and Play ACPI device, IDs PNP0c02 (active)
Oct 18 22:45:41 jose-Lenovo-G475 kernel: [    0.400217] pnp 00:01: Plug and Play ACPI device, IDs PNP0103 (active)
Oct 18 22:45:41 jose-Lenovo-G475 kernel: [    0.400294] pnp 00:02: [dma 4]
Oct 18 22:45:41 jose-Lenovo-G475 kernel: [    0.400335] pnp 00:02: Plug and Play ACPI device, IDs PNP0200 (active)
Oct 18 22:45:41 jose-Lenovo-G475 kernel: [    0.400394] pnp 00:03: Plug and Play ACPI device, IDs PNP0c04 (active)
Oct 18 22:45:41 jose-Lenovo-G475 kernel: [    0.400498] pnp 00:04: Plug and Play ACPI device, IDs PNP0b00 (active)
Oct 18 22:45:41 jose-Lenovo-G475 kernel: [    0.400550] pnp 00:05: Plug and Play ACPI device, IDs PNP0800 (active)
Oct 18 22:45:41 jose-Lenovo-G475 kernel: [    0.400611] pnp 00:06: Plug and Play ACPI device, IDs PNP0303 (active)
Oct 18 22:45:41 jose-Lenovo-G475 kernel: [    0.400706] pnp 00:07: Plug and Play ACPI device, IDs SYN072d SYN0700 SYN0002 PNP0f13 (active)
Oct 18 22:45:41 jose-Lenovo-G475 kernel: [    0.400851] system 00:08: [io  0x0400-0x04cf] could not be reserved
Oct 18 22:45:41 jose-Lenovo-G475 kernel: [    0.400857] system 00:08: [io  0x04d0-0x04d1] has been reserved
Oct 18 22:45:41 jose-Lenovo-G475 kernel: [    0.400862] system 00:08: [io  0x04d6] has been reserved
Oct 18 22:45:41 jose-Lenovo-G475 kernel: [    0.400867] system 00:08: [io  0x0680-0x06ff] has been reserved
Oct 18 22:45:41 jose-Lenovo-G475 kernel: [    0.400871] system 00:08: [io  0x077a] has been reserved
Oct 18 22:45:41 jose-Lenovo-G475 kernel: [    0.400876] system 00:08: [io  0x0c00-0x0c01] has been reserved
Oct 18 22:45:41 jose-Lenovo-G475 kernel: [    0.400880] system 00:08: [io  0x0c14] has been reserved
Oct 18 22:45:41 jose-Lenovo-G475 kernel: [    0.400885] system 00:08: [io  0x0c50-0x0c52] has been reserved
Oct 18 22:45:41 jose-Lenovo-G475 kernel: [    0.400889] system 00:08: [io  0x0c6c] has been reserved
Oct 18 22:45:41 jose-Lenovo-G475 kernel: [    0.400894] system 00:08: [io  0x0c6f] has been reserved
Oct 18 22:45:41 jose-Lenovo-G475 kernel: [    0.400898] system 00:08: [io  0x0cd0-0x0cdb] has been reserved
Oct 18 22:45:41 jose-Lenovo-G475 kernel: [    0.400904] system 00:08: [io  0xe02c-0xe02f] has been reserved
Oct 18 22:45:41 jose-Lenovo-G475 kernel: [    0.400910] system 00:08: Plug and Play ACPI device, IDs PNP0c02 (active)
Oct 18 22:45:41 jose-Lenovo-G475 kernel: [    0.401052] system 00:09: [mem 0x000e0000-0x000fffff] could not be reserved
Oct 18 22:45:41 jose-Lenovo-G475 kernel: [    0.401058] system 00:09: [mem 0xffe00000-0xffffffff] has been reserved
Oct 18 22:45:41 jose-Lenovo-G475 kernel: [    0.401063] system 00:09: Plug and Play ACPI device, IDs PNP0c01 (active)
Oct 18 22:45:41 jose-Lenovo-G475 kernel: [    0.422575] pnp: PnP ACPI: found 10 devices
Oct 18 22:45:41 jose-Lenovo-G475 kernel: [    0.422585] ACPI: bus type PNP unregistered
Oct 18 22:45:41 jose-Lenovo-G475 kernel: [    0.422591] PnPBIOS: Disabled by ACPI PNP
Oct 18 22:45:41 jose-Lenovo-G475 kernel: [    0.462225] pci 0000:00:14.4: PCI bridge to [bus 01]
Oct 18 22:45:41 jose-Lenovo-G475 kernel: [    0.462252] pci 0000:00:15.0: PCI bridge to [bus 02]
Oct 18 22:45:41 jose-Lenovo-G475 kernel: [    0.462259] pci 0000:00:15.0:   bridge window [io  0x2000-0x2fff]
Oct 18 22:45:41 jose-Lenovo-G475 kernel: [    0.462269] pci 0000:00:15.0:   bridge window [mem 0x90100000-0x901fffff]
Oct 18 22:45:41 jose-Lenovo-G475 kernel: [    0.462281] pci 0000:00:15.1: PCI bridge to [bus 03]
Oct 18 22:45:41 jose-Lenovo-G475 kernel: [    0.462290] pci 0000:00:15.1:   bridge window [mem 0x90000000-0x900fffff]
Oct 18 22:45:41 jose-Lenovo-G475 kernel: [    0.462304] pci_bus 0000:00: resource 4 [io  0x0000-0x0cf7]
Oct 18 22:45:41 jose-Lenovo-G475 kernel: [    0.462309] pci_bus 0000:00: resource 5 [io  0x0d00-0xffff]
Oct 18 22:45:41 jose-Lenovo-G475 kernel: [    0.462313] pci_bus 0000:00: resource 6 [mem 0x000a0000-0x000bffff]
Oct 18 22:45:41 jose-Lenovo-G475 kernel: [    0.462318] pci_bus 0000:00: resource 7 [mem 0x000c0000-0x000c3fff]
Oct 18 22:45:41 jose-Lenovo-G475 kernel: [    0.462322] pci_bus 0000:00: resource 8 [mem 0x000c4000-0x000c7fff]
Oct 18 22:45:41 jose-Lenovo-G475 kernel: [    0.462326] pci_bus 0000:00: resource 9 [mem 0x000c8000-0x000cbfff]
Oct 18 22:45:41 jose-Lenovo-G475 kernel: [    0.462330] pci_bus 0000:00: resource 10 [mem 0x000d0000-0x000d3fff]
Oct 18 22:45:41 jose-Lenovo-G475 kernel: [    0.462334] pci_bus 0000:00: resource 11 [mem 0x000d4000-0x000d7fff]
Oct 18 22:45:41 jose-Lenovo-G475 kernel: [    0.462338] pci_bus 0000:00: resource 12 [mem 0x000d8000-0x000dbfff]
Oct 18 22:45:41 jose-Lenovo-G475 kernel: [    0.462342] pci_bus 0000:00: resource 13 [mem 0x000dc000-0x000dffff]
Oct 18 22:45:41 jose-Lenovo-G475 kernel: [    0.462345] pci_bus 0000:00: resource 14 [mem 0x000e0000-0x000e3fff]
Oct 18 22:45:41 jose-Lenovo-G475 kernel: [    0.462349] pci_bus 0000:00: resource 15 [mem 0x000e4000-0x000e7fff]
Oct 18 22:45:41 jose-Lenovo-G475 kernel: [    0.462353] pci_bus 0000:00: resource 16 [mem 0x000e8000-0x000ebfff]
Oct 18 22:45:41 jose-Lenovo-G475 kernel: [    0.462357] pci_bus 0000:00: resource 17 [mem 0x000ec000-0x000effff]
Oct 18 22:45:41 jose-Lenovo-G475 kernel: [    0.462361] pci_bus 0000:00: resource 18 [mem 0x7f000000-0xf7ffffff]
Oct 18 22:45:41 jose-Lenovo-G475 kernel: [    0.462365] pci_bus 0000:00: resource 19 [mem 0xfc000000-0xffffffff]
Oct 18 22:45:41 jose-Lenovo-G475 kernel: [    0.462370] pci_bus 0000:01: resource 4 [io  0x0000-0x0cf7]
Oct 18 22:45:41 jose-Lenovo-G475 kernel: [    0.462373] pci_bus 0000:01: resource 5 [io  0x0d00-0xffff]
Oct 18 22:45:41 jose-Lenovo-G475 kernel: [    0.462377] pci_bus 0000:01: resource 6 [mem 0x000a0000-0x000bffff]
Oct 18 22:45:41 jose-Lenovo-G475 kernel: [    0.462381] pci_bus 0000:01: resource 7 [mem 0x000c0000-0x000c3fff]
Oct 18 22:45:41 jose-Lenovo-G475 kernel: [    0.462385] pci_bus 0000:01: resource 8 [mem 0x000c4000-0x000c7fff]
Oct 18 22:45:41 jose-Lenovo-G475 kernel: [    0.462389] pci_bus 0000:01: resource 9 [mem 0x000c8000-0x000cbfff]
Oct 18 22:45:41 jose-Lenovo-G475 kernel: [    0.462393] pci_bus 0000:01: resource 10 [mem 0x000d0000-0x000d3fff]
Oct 18 22:45:41 jose-Lenovo-G475 kernel: [    0.462397] pci_bus 0000:01: resource 11 [mem 0x000d4000-0x000d7fff]
Oct 18 22:45:41 jose-Lenovo-G475 kernel: [    0.462401] pci_bus 0000:01: resource 12 [mem 0x000d8000-0x000dbfff]
Oct 18 22:45:41 jose-Lenovo-G475 kernel: [    0.462405] pci_bus 0000:01: resource 13 [mem 0x000dc000-0x000dffff]
Oct 18 22:45:41 jose-Lenovo-G475 kernel: [    0.462409] pci_bus 0000:01: resource 14 [mem 0x000e0000-0x000e3fff]
Oct 18 22:45:41 jose-Lenovo-G475 kernel: [    0.462413] pci_bus 0000:01: resource 15 [mem 0x000e4000-0x000e7fff]
Oct 18 22:45:41 jose-Lenovo-G475 kernel: [    0.462416] pci_bus 0000:01: resource 16 [mem 0x000e8000-0x000ebfff]
Oct 18 22:45:41 jose-Lenovo-G475 kernel: [    0.462420] pci_bus 0000:01: resource 17 [mem 0x000ec000-0x000effff]
Oct 18 22:45:41 jose-Lenovo-G475 kernel: [    0.462424] pci_bus 0000:01: resource 18 [mem 0x7f000000-0xf7ffffff]
Oct 18 22:45:41 jose-Lenovo-G475 kernel: [    0.462428] pci_bus 0000:01: resource 19 [mem 0xfc000000-0xffffffff]
Oct 18 22:45:41 jose-Lenovo-G475 kernel: [    0.462433] pci_bus 0000:02: resource 0 [io  0x2000-0x2fff]
Oct 18 22:45:41 jose-Lenovo-G475 kernel: [    0.462436] pci_bus 0000:02: resource 1 [mem 0x90100000-0x901fffff]
Oct 18 22:45:41 jose-Lenovo-G475 kernel: [    0.462441] pci_bus 0000:03: resource 1 [mem 0x90000000-0x900fffff]
Oct 18 22:45:41 jose-Lenovo-G475 kernel: [    0.462508] NET: Registered protocol family 2
Oct 18 22:45:41 jose-Lenovo-G475 kernel: [    0.462779] TCP established hash table entries: 8192 (order: 3, 32768 bytes)
Oct 18 22:45:41 jose-Lenovo-G475 kernel: [    0.462810] TCP bind hash table entries: 8192 (order: 4, 65536 bytes)
Oct 18 22:45:41 jose-Lenovo-G475 kernel: [    0.462855] TCP: Hash tables configured (established 8192 bind 8192)
Oct 18 22:45:41 jose-Lenovo-G475 kernel: [    0.462920] TCP: reno registered
Oct 18 22:45:41 jose-Lenovo-G475 kernel: [    0.462926] UDP hash table entries: 512 (order: 2, 16384 bytes)
Oct 18 22:45:41 jose-Lenovo-G475 kernel: [    0.462939] UDP-Lite hash table entries: 512 (order: 2, 16384 bytes)
Oct 18 22:45:41 jose-Lenovo-G475 kernel: [    0.463050] NET: Registered protocol family 1
Oct 18 22:45:41 jose-Lenovo-G475 kernel: [    0.463075] pci 0000:00:01.0: Boot video device
Oct 18 22:45:41 jose-Lenovo-G475 kernel: [    0.637604] PCI: CLS 64 bytes, default 64
Oct 18 22:45:41 jose-Lenovo-G475 kernel: [    0.637728] Trying to unpack rootfs image as initramfs...
Oct 18 22:45:41 jose-Lenovo-G475 kernel: [    1.275517] Freeing initrd memory: 18276K (f5c3e000 - f6e17000)
Oct 18 22:45:41 jose-Lenovo-G475 kernel: [    1.275650] Simple Boot Flag at 0x44 set to 0x1
Oct 18 22:45:41 jose-Lenovo-G475 kernel: [    1.275805] LVT offset 0 assigned for vector 0x400
Oct 18 22:45:41 jose-Lenovo-G475 kernel: [    1.275885] perf: AMD IBS detected (0x000000ff)
Oct 18 22:45:41 jose-Lenovo-G475 kernel: [    1.276026] microcode: CPU0: patch_level=0x05000101
Oct 18 22:45:41 jose-Lenovo-G475 kernel: [    1.276040] microcode: CPU1: patch_level=0x05000101
Oct 18 22:45:41 jose-Lenovo-G475 kernel: [    1.276328] microcode: Microcode Update Driver: v2.00 <tigran@aivazian.fsnet.co.uk>, Peter Oruba
Oct 18 22:45:41 jose-Lenovo-G475 kernel: [    1.276338] Scanning for low memory corruption every 60 seconds
Oct 18 22:45:41 jose-Lenovo-G475 kernel: [    1.276943] Initialise system trusted keyring
Oct 18 22:45:41 jose-Lenovo-G475 kernel: [    1.277089] audit: initializing netlink socket (disabled)
Oct 18 22:45:41 jose-Lenovo-G475 kernel: [    1.277112] type=2000 audit(1445224526.164:1): initialized
Oct 18 22:45:41 jose-Lenovo-G475 kernel: [    1.318645] bounce pool size: 64 pages
Oct 18 22:45:41 jose-Lenovo-G475 kernel: [    1.318678] HugeTLB registered 2 MB page size, pre-allocated 0 pages
Oct 18 22:45:41 jose-Lenovo-G475 kernel: [    1.321518] zbud: loaded
Oct 18 22:45:41 jose-Lenovo-G475 kernel: [    1.321728] VFS: Disk quotas dquot_6.5.2
Oct 18 22:45:41 jose-Lenovo-G475 kernel: [    1.321843] Dquot-cache hash table entries: 1024 (order 0, 4096 bytes)
Oct 18 22:45:41 jose-Lenovo-G475 kernel: [    1.322835] fuse init (API version 7.22)
Oct 18 22:45:41 jose-Lenovo-G475 kernel: [    1.323012] msgmni has been set to 1725
Oct 18 22:45:41 jose-Lenovo-G475 kernel: [    1.323148] Key type big_key registered
Oct 18 22:45:41 jose-Lenovo-G475 kernel: [    1.324274] Key type asymmetric registered
Oct 18 22:45:41 jose-Lenovo-G475 kernel: [    1.324283] Asymmetric key parser 'x509' registered
Oct 18 22:45:41 jose-Lenovo-G475 kernel: [    1.324390] Block layer SCSI generic (bsg) driver version 0.4 loaded (major 252)
Oct 18 22:45:41 jose-Lenovo-G475 kernel: [    1.324459] io scheduler noop registered
Oct 18 22:45:41 jose-Lenovo-G475 kernel: [    1.324463] io scheduler deadline registered (default)
Oct 18 22:45:41 jose-Lenovo-G475 kernel: [    1.324520] io scheduler cfq registered
Oct 18 22:45:41 jose-Lenovo-G475 kernel: [    1.325139] pci_hotplug: PCI Hot Plug PCI Core version: 0.5
Oct 18 22:45:41 jose-Lenovo-G475 kernel: [    1.325174] pciehp: PCI Express Hot Plug Controller Driver version: 0.4
Oct 18 22:45:41 jose-Lenovo-G475 kernel: [    1.325261] vesafb: mode is 1024x768x32, linelength=4096, pages=0
Oct 18 22:45:41 jose-Lenovo-G475 kernel: [    1.325264] vesafb: scrolling: redraw
Oct 18 22:45:41 jose-Lenovo-G475 kernel: [    1.325269] vesafb: Truecolor: size=0:8:8:8, shift=0:16:8:0
Oct 18 22:45:41 jose-Lenovo-G475 kernel: [    1.325582] vesafb: framebuffer at 0x80000000, mapped to 0xf8480000, using 3072k, total 3072k
Oct 18 22:45:41 jose-Lenovo-G475 kernel: [    1.392252] Console: switching to colour frame buffer device 128x48
Oct 18 22:45:41 jose-Lenovo-G475 kernel: [    1.458784] fb0: VESA VGA frame buffer device
Oct 18 22:45:41 jose-Lenovo-G475 kernel: [    1.458832] ipmi message handler version 39.2
Oct 18 22:45:41 jose-Lenovo-G475 kernel: [    1.461848] ACPI: AC Adapter [ACAD] (on-line)
Oct 18 22:45:41 jose-Lenovo-G475 kernel: [    1.462099] input: Power Button as /devices/LNXSYSTM:00/device:00/PNP0C0C:00/input/input0
Oct 18 22:45:41 jose-Lenovo-G475 kernel: [    1.462108] ACPI: Power Button [PWRB]
Oct 18 22:45:41 jose-Lenovo-G475 kernel: [    1.462197] input: Sleep Button as /devices/LNXSYSTM:00/device:00/PNP0C0E:00/input/input1
Oct 18 22:45:41 jose-Lenovo-G475 kernel: [    1.462202] ACPI: Sleep Button [SLPB]
Oct 18 22:45:41 jose-Lenovo-G475 kernel: [    1.462278] input: Lid Switch as /devices/LNXSYSTM:00/device:00/PNP0C0D:00/input/input2
Oct 18 22:45:41 jose-Lenovo-G475 kernel: [    1.462328] ACPI: Lid Switch [LID]
Oct 18 22:45:41 jose-Lenovo-G475 kernel: [    1.462397] input: Power Button as /devices/LNXSYSTM:00/LNXPWRBN:00/input/input3
Oct 18 22:45:41 jose-Lenovo-G475 kernel: [    1.462402] ACPI: Power Button [PWRF]
Oct 18 22:45:41 jose-Lenovo-G475 kernel: [    1.462599] ACPI: acpi_idle registered with cpuidle
Oct 18 22:45:41 jose-Lenovo-G475 kernel: [    1.473364] ACPI: Invalid active0 threshold
Oct 18 22:45:41 jose-Lenovo-G475 kernel: [    1.477124] thermal LNXTHERM:00: registered as thermal_zone0
Oct 18 22:45:41 jose-Lenovo-G475 kernel: [    1.477134] ACPI: Thermal Zone [THRM] (56 C)
Oct 18 22:45:41 jose-Lenovo-G475 kernel: [    1.477860] ACPI: Invalid active0 threshold
Oct 18 22:45:41 jose-Lenovo-G475 kernel: [    1.481698] thermal LNXTHERM:01: registered as thermal_zone1
Oct 18 22:45:41 jose-Lenovo-G475 kernel: [    1.481708] ACPI: Thermal Zone [THR1] (0 C)
Oct 18 22:45:41 jose-Lenovo-G475 kernel: [    1.481788] GHES: HEST is not enabled!
Oct 18 22:45:41 jose-Lenovo-G475 kernel: [    1.482031] Serial: 8250/16550 driver, 32 ports, IRQ sharing enabled
Oct 18 22:45:41 jose-Lenovo-G475 kernel: [    1.482174] isapnp: Scanning for PnP cards...
Oct 18 22:45:41 jose-Lenovo-G475 kernel: [    1.484564] Linux agpgart interface v0.103
Oct 18 22:45:41 jose-Lenovo-G475 kernel: [    1.487341] brd: module loaded
Oct 18 22:45:41 jose-Lenovo-G475 kernel: [    1.488757] loop: module loaded
Oct 18 22:45:41 jose-Lenovo-G475 kernel: [    1.489575] libphy: Fixed MDIO Bus: probed
Oct 18 22:45:41 jose-Lenovo-G475 kernel: [    1.489759] tun: Universal TUN/TAP device driver, 1.6
Oct 18 22:45:41 jose-Lenovo-G475 kernel: [    1.489762] tun: (C) 1999-2004 Max Krasnyansky <maxk@qualcomm.com>
Oct 18 22:45:41 jose-Lenovo-G475 kernel: [    1.489841] PPP generic driver version 2.4.2
Oct 18 22:45:41 jose-Lenovo-G475 kernel: [    1.489925] ehci_hcd: USB 2.0 'Enhanced' Host Controller (EHCI) Driver
Oct 18 22:45:41 jose-Lenovo-G475 kernel: [    1.489936] ehci-pci: EHCI PCI platform driver
Oct 18 22:45:41 jose-Lenovo-G475 kernel: [    1.490124] QUIRK: Enable AMD PLL fix
Oct 18 22:45:41 jose-Lenovo-G475 kernel: [    1.490170] ehci-pci 0000:00:12.2: EHCI Host Controller
Oct 18 22:45:41 jose-Lenovo-G475 kernel: [    1.490182] ehci-pci 0000:00:12.2: new USB bus registered, assigned bus number 1
Oct 18 22:45:41 jose-Lenovo-G475 kernel: [    1.490193] ehci-pci 0000:00:12.2: applying AMD SB700/SB800/Hudson-2/3 EHCI dummy qh workaround
Oct 18 22:45:41 jose-Lenovo-G475 kernel: [    1.490209] ehci-pci 0000:00:12.2: debug port 1
Oct 18 22:45:41 jose-Lenovo-G475 kernel: [    1.490282] ehci-pci 0000:00:12.2: irq 17, io mem 0x90246000
Oct 18 22:45:41 jose-Lenovo-G475 kernel: [    1.501058] ehci-pci 0000:00:12.2: USB 2.0 started, EHCI 1.00
Oct 18 22:45:41 jose-Lenovo-G475 kernel: [    1.501221] usb usb1: New USB device found, idVendor=1d6b, idProduct=0002
Oct 18 22:45:41 jose-Lenovo-G475 kernel: [    1.501226] usb usb1: New USB device strings: Mfr=3, Product=2, SerialNumber=1
Oct 18 22:45:41 jose-Lenovo-G475 kernel: [    1.501231] usb usb1: Product: EHCI Host Controller
Oct 18 22:45:41 jose-Lenovo-G475 kernel: [    1.501235] usb usb1: Manufacturer: Linux 3.13.0-32-generic ehci_hcd
Oct 18 22:45:41 jose-Lenovo-G475 kernel: [    1.501239] usb usb1: SerialNumber: 0000:00:12.2
Oct 18 22:45:41 jose-Lenovo-G475 kernel: [    1.501499] hub 1-0:1.0: USB hub found
Oct 18 22:45:41 jose-Lenovo-G475 kernel: [    1.501514] hub 1-0:1.0: 5 ports detected
Oct 18 22:45:41 jose-Lenovo-G475 kernel: [    1.501987] ehci-pci 0000:00:13.2: EHCI Host Controller
Oct 18 22:45:41 jose-Lenovo-G475 kernel: [    1.501999] ehci-pci 0000:00:13.2: new USB bus registered, assigned bus number 2
Oct 18 22:45:41 jose-Lenovo-G475 kernel: [    1.502007] ehci-pci 0000:00:13.2: applying AMD SB700/SB800/Hudson-2/3 EHCI dummy qh workaround
Oct 18 22:45:41 jose-Lenovo-G475 kernel: [    1.502023] ehci-pci 0000:00:13.2: debug port 1
Oct 18 22:45:41 jose-Lenovo-G475 kernel: [    1.502076] ehci-pci 0000:00:13.2: irq 17, io mem 0x90244000
Oct 18 22:45:41 jose-Lenovo-G475 kernel: [    1.513043] ehci-pci 0000:00:13.2: USB 2.0 started, EHCI 1.00
Oct 18 22:45:41 jose-Lenovo-G475 kernel: [    1.513232] usb usb2: New USB device found, idVendor=1d6b, idProduct=0002
Oct 18 22:45:41 jose-Lenovo-G475 kernel: [    1.513237] usb usb2: New USB device strings: Mfr=3, Product=2, SerialNumber=1
Oct 18 22:45:41 jose-Lenovo-G475 kernel: [    1.513242] usb usb2: Product: EHCI Host Controller
Oct 18 22:45:41 jose-Lenovo-G475 kernel: [    1.513246] usb usb2: Manufacturer: Linux 3.13.0-32-generic ehci_hcd
Oct 18 22:45:41 jose-Lenovo-G475 kernel: [    1.513250] usb usb2: SerialNumber: 0000:00:13.2
Oct 18 22:45:41 jose-Lenovo-G475 kernel: [    1.513497] hub 2-0:1.0: USB hub found
Oct 18 22:45:41 jose-Lenovo-G475 kernel: [    1.513513] hub 2-0:1.0: 5 ports detected
Oct 18 22:45:41 jose-Lenovo-G475 kernel: [    1.513820] ehci-platform: EHCI generic platform driver
Oct 18 22:45:41 jose-Lenovo-G475 kernel: [    1.513843] ohci_hcd: USB 1.1 'Open' Host Controller (OHCI) Driver
Oct 18 22:45:41 jose-Lenovo-G475 kernel: [    1.513846] ohci-pci: OHCI PCI platform driver
Oct 18 22:45:41 jose-Lenovo-G475 kernel: [    1.514030] ohci-pci 0000:00:12.0: OHCI PCI host controller
Oct 18 22:45:41 jose-Lenovo-G475 kernel: [    1.514042] ohci-pci 0000:00:12.0: new USB bus registered, assigned bus number 3
Oct 18 22:45:41 jose-Lenovo-G475 kernel: [    1.514088] ohci-pci 0000:00:12.0: irq 18, io mem 0x90247000
Oct 18 22:45:41 jose-Lenovo-G475 kernel: [    1.573174] usb usb3: New USB device found, idVendor=1d6b, idProduct=0001
Oct 18 22:45:41 jose-Lenovo-G475 kernel: [    1.573200] usb usb3: New USB device strings: Mfr=3, Product=2, SerialNumber=1
Oct 18 22:45:41 jose-Lenovo-G475 kernel: [    1.573205] usb usb3: Product: OHCI PCI host controller
Oct 18 22:45:41 jose-Lenovo-G475 kernel: [    1.573209] usb usb3: Manufacturer: Linux 3.13.0-32-generic ohci_hcd
Oct 18 22:45:41 jose-Lenovo-G475 kernel: [    1.573213] usb usb3: SerialNumber: 0000:00:12.0
Oct 18 22:45:41 jose-Lenovo-G475 kernel: [    1.573478] hub 3-0:1.0: USB hub found
Oct 18 22:45:41 jose-Lenovo-G475 kernel: [    1.573496] hub 3-0:1.0: 5 ports detected
Oct 18 22:45:41 jose-Lenovo-G475 kernel: [    1.573897] ohci-pci 0000:00:13.0: OHCI PCI host controller
Oct 18 22:45:41 jose-Lenovo-G475 kernel: [    1.573909] ohci-pci 0000:00:13.0: new USB bus registered, assigned bus number 4
Oct 18 22:45:41 jose-Lenovo-G475 kernel: [    1.573939] ohci-pci 0000:00:13.0: irq 18, io mem 0x90245000
Oct 18 22:45:41 jose-Lenovo-G475 kernel: [    1.581200] ACPI: Deprecated procfs I/F for battery is loaded, please retry with CONFIG_ACPI_PROCFS_POWER cleared
Oct 18 22:45:41 jose-Lenovo-G475 kernel: [    1.581230] ACPI: Battery Slot [BAT0] (battery present)
Oct 18 22:45:41 jose-Lenovo-G475 kernel: [    1.633057] usb usb4: New USB device found, idVendor=1d6b, idProduct=0001
Oct 18 22:45:41 jose-Lenovo-G475 kernel: [    1.633066] usb usb4: New USB device strings: Mfr=3, Product=2, SerialNumber=1
Oct 18 22:45:41 jose-Lenovo-G475 kernel: [    1.633071] usb usb4: Product: OHCI PCI host controller
Oct 18 22:45:41 jose-Lenovo-G475 kernel: [    1.633075] usb usb4: Manufacturer: Linux 3.13.0-32-generic ohci_hcd
Oct 18 22:45:41 jose-Lenovo-G475 kernel: [    1.633079] usb usb4: SerialNumber: 0000:00:13.0
Oct 18 22:45:41 jose-Lenovo-G475 kernel: [    1.633351] hub 4-0:1.0: USB hub found
Oct 18 22:45:41 jose-Lenovo-G475 kernel: [    1.633368] hub 4-0:1.0: 5 ports detected
Oct 18 22:45:41 jose-Lenovo-G475 kernel: [    1.633687] ohci-platform: OHCI generic platform driver
Oct 18 22:45:41 jose-Lenovo-G475 kernel: [    1.633710] uhci_hcd: USB Universal Host Controller Interface driver
Oct 18 22:45:41 jose-Lenovo-G475 kernel: [    1.633848] i8042: PNP: PS/2 Controller [PNP0303:KBC0,PNP0f13:MSS0] at 0x60,0x64 irq 1,12
Oct 18 22:45:41 jose-Lenovo-G475 kernel: [    1.662000] serio: i8042 KBD port at 0x60,0x64 irq 1
Oct 18 22:45:41 jose-Lenovo-G475 kernel: [    1.662013] serio: i8042 AUX port at 0x60,0x64 irq 12
Oct 18 22:45:41 jose-Lenovo-G475 kernel: [    1.662215] mousedev: PS/2 mouse device common for all mice
Oct 18 22:45:41 jose-Lenovo-G475 kernel: [    1.662518] rtc_cmos 00:04: RTC can wake from S4
Oct 18 22:45:41 jose-Lenovo-G475 kernel: [    1.662669] rtc_cmos 00:04: rtc core: registered rtc_cmos as rtc0
Oct 18 22:45:41 jose-Lenovo-G475 kernel: [    1.662703] rtc_cmos 00:04: alarms up to one month, 114 bytes nvram, hpet irqs
Oct 18 22:45:41 jose-Lenovo-G475 kernel: [    1.662837] device-mapper: uevent: version 1.0.3
Oct 18 22:45:41 jose-Lenovo-G475 kernel: [    1.662950] device-mapper: ioctl: 4.27.0-ioctl (2013-10-30) initialised: dm-devel@redhat.com
Oct 18 22:45:41 jose-Lenovo-G475 kernel: [    1.662986] platform eisa.0: Probing EISA bus 0
Oct 18 22:45:41 jose-Lenovo-G475 kernel: [    1.662992] platform eisa.0: EISA: Cannot allocate resource for mainboard
Oct 18 22:45:41 jose-Lenovo-G475 kernel: [    1.662996] platform eisa.0: Cannot allocate resource for EISA slot 1
Oct 18 22:45:41 jose-Lenovo-G475 kernel: [    1.663001] platform eisa.0: Cannot allocate resource for EISA slot 2
Oct 18 22:45:41 jose-Lenovo-G475 kernel: [    1.663005] platform eisa.0: Cannot allocate resource for EISA slot 3
Oct 18 22:45:41 jose-Lenovo-G475 kernel: [    1.663009] platform eisa.0: Cannot allocate resource for EISA slot 4
Oct 18 22:45:41 jose-Lenovo-G475 kernel: [    1.663012] platform eisa.0: Cannot allocate resource for EISA slot 5
Oct 18 22:45:41 jose-Lenovo-G475 kernel: [    1.663016] platform eisa.0: Cannot allocate resource for EISA slot 6
Oct 18 22:45:41 jose-Lenovo-G475 kernel: [    1.663020] platform eisa.0: Cannot allocate resource for EISA slot 7
Oct 18 22:45:41 jose-Lenovo-G475 kernel: [    1.663024] platform eisa.0: Cannot allocate resource for EISA slot 8
Oct 18 22:45:41 jose-Lenovo-G475 kernel: [    1.663028] platform eisa.0: EISA: Detected 0 cards
Oct 18 22:45:41 jose-Lenovo-G475 kernel: [    1.663041] cpufreq-nforce2: No nForce2 chipset.
Oct 18 22:45:41 jose-Lenovo-G475 kernel: [    1.663049] ledtrig-cpu: registered to indicate activity on CPUs
Oct 18 22:45:41 jose-Lenovo-G475 kernel: [    1.663279] TCP: cubic registered
Oct 18 22:45:41 jose-Lenovo-G475 kernel: [    1.663459] NET: Registered protocol family 10
Oct 18 22:45:41 jose-Lenovo-G475 kernel: [    1.663805] NET: Registered protocol family 17
Oct 18 22:45:41 jose-Lenovo-G475 kernel: [    1.663825] Key type dns_resolver registered
Oct 18 22:45:41 jose-Lenovo-G475 kernel: [    1.664081] Using IPI No-Shortcut mode
Oct 18 22:45:41 jose-Lenovo-G475 kernel: [    1.664230] Loading compiled-in X.509 certificates
Oct 18 22:45:41 jose-Lenovo-G475 kernel: [    1.670267] Loaded X.509 cert 'Magrathea: Glacier signing key: a7fc6590fc4a8d859aaebda2ca5dd04716244fa0'
Oct 18 22:45:41 jose-Lenovo-G475 kernel: [    1.670292] registered taskstats version 1
Oct 18 22:45:41 jose-Lenovo-G475 kernel: [    1.674857] Key type trusted registered
Oct 18 22:45:41 jose-Lenovo-G475 kernel: [    1.678811] Key type encrypted registered
Oct 18 22:45:41 jose-Lenovo-G475 kernel: [    1.682713] AppArmor: AppArmor sha1 policy hashing enabled
Oct 18 22:45:41 jose-Lenovo-G475 kernel: [    1.682723] IMA: No TPM chip found, activating TPM-bypass!
Oct 18 22:45:41 jose-Lenovo-G475 kernel: [    1.683137] regulator-dummy: disabling
Oct 18 22:45:41 jose-Lenovo-G475 kernel: [    1.683234]   Magic number: 3:487:260
Oct 18 22:45:41 jose-Lenovo-G475 kernel: [    1.683398] rtc_cmos 00:04: setting system clock to 2015-10-19 03:15:27 UTC (1445224527)
Oct 18 22:45:41 jose-Lenovo-G475 kernel: [    1.683578] acpi-cpufreq: overriding BIOS provided _PSD data
Oct 18 22:45:41 jose-Lenovo-G475 kernel: [    1.683699] BIOS EDD facility v0.16 2004-Jun-25, 0 devices found
Oct 18 22:45:41 jose-Lenovo-G475 kernel: [    1.683701] EDD information not available.
Oct 18 22:45:41 jose-Lenovo-G475 kernel: [    1.683780] PM: Hibernation image not present or could not be loaded.
Oct 18 22:45:41 jose-Lenovo-G475 kernel: [    1.691836] input: AT Translated Set 2 keyboard as /devices/platform/i8042/serio0/input/input4
Oct 18 22:45:41 jose-Lenovo-G475 kernel: [    1.792739] isapnp: No Plug & Play device found
Oct 18 22:45:41 jose-Lenovo-G475 kernel: [    1.793552] Freeing unused kernel memory: 872K (c19b4000 - c1a8e000)
Oct 18 22:45:41 jose-Lenovo-G475 kernel: [    1.793680] Write protecting the kernel text: 6532k
Oct 18 22:45:41 jose-Lenovo-G475 kernel: [    1.793851] Write protecting the kernel read-only data: 2764k
Oct 18 22:45:41 jose-Lenovo-G475 kernel: [    1.793854] NX-protecting the kernel data: 5756k
Oct 18 22:45:41 jose-Lenovo-G475 kernel: [    1.812984] usb 1-2: new high-speed USB device number 2 using ehci-pci
Oct 18 22:45:41 jose-Lenovo-G475 kernel: [    1.916981] ahci 0000:00:11.0: version 3.0
Oct 18 22:45:41 jose-Lenovo-G475 kernel: [    1.917224] ahci 0000:00:11.0: AHCI 0001.0200 32 slots 2 ports 3 Gbps 0x3 impl SATA mode
Oct 18 22:45:41 jose-Lenovo-G475 kernel: [    1.917231] ahci 0000:00:11.0: flags: 64bit ncq sntf ilck pm led clo pmp pio slum part 
Oct 18 22:45:41 jose-Lenovo-G475 kernel: [    1.918750] scsi0 : ahci
Oct 18 22:45:41 jose-Lenovo-G475 kernel: [    1.918996] scsi1 : ahci
Oct 18 22:45:41 jose-Lenovo-G475 kernel: [    1.919128] ata1: SATA max UDMA/133 abar m1024@0x90248000 port 0x90248100 irq 19
Oct 18 22:45:41 jose-Lenovo-G475 kernel: [    1.919134] ata2: SATA max UDMA/133 abar m1024@0x90248000 port 0x90248180 irq 19
Oct 18 22:45:41 jose-Lenovo-G475 kernel: [    1.946389] atl1c 0000:02:00.0: version 1.0.1.1-NAPI
Oct 18 22:45:41 jose-Lenovo-G475 kernel: [    1.960644] usb 1-2: New USB device found, idVendor=04f2, idProduct=b272
Oct 18 22:45:41 jose-Lenovo-G475 kernel: [    1.960655] usb 1-2: New USB device strings: Mfr=1, Product=2, SerialNumber=0
Oct 18 22:45:41 jose-Lenovo-G475 kernel: [    1.960660] usb 1-2: Product: Lenovo EasyCamera
Oct 18 22:45:41 jose-Lenovo-G475 kernel: [    1.960664] usb 1-2: Manufacturer: Chicony Corp.
Oct 18 22:45:41 jose-Lenovo-G475 kernel: [    2.272962] tsc: Refined TSC clocksource calibration: 1645.878 MHz
Oct 18 22:45:41 jose-Lenovo-G475 kernel: [    2.333098] usb 2-2: new high-speed USB device number 3 using ehci-pci
Oct 18 22:45:41 jose-Lenovo-G475 kernel: [    2.408967] ata2: SATA link up 1.5 Gbps (SStatus 113 SControl 300)
Oct 18 22:45:41 jose-Lenovo-G475 kernel: [    2.409022] ata1: SATA link up 3.0 Gbps (SStatus 123 SControl 300)
Oct 18 22:45:41 jose-Lenovo-G475 kernel: [    2.412320] ata2.00: ATAPI: SlimtypeDVD A  DS8A5SH, XL63, max UDMA/100
Oct 18 22:45:41 jose-Lenovo-G475 kernel: [    2.412463] ata1.00: ATA-8: WDC WD5000BPVT-24HXZT3, 03.01A03, max UDMA/133
Oct 18 22:45:41 jose-Lenovo-G475 kernel: [    2.412474] ata1.00: 976773168 sectors, multi 16: LBA48 NCQ (depth 31/32), AA
Oct 18 22:45:41 jose-Lenovo-G475 kernel: [    2.413640] ata2.00: configured for UDMA/100
Oct 18 22:45:41 jose-Lenovo-G475 kernel: [    2.415681] ata1.00: configured for UDMA/133
Oct 18 22:45:41 jose-Lenovo-G475 kernel: [    2.416238] scsi 0:0:0:0: Direct-Access     ATA      WDC WD5000BPVT-2 03.0 PQ: 0 ANSI: 5
Oct 18 22:45:41 jose-Lenovo-G475 kernel: [    2.416666] sd 0:0:0:0: [sda] 976773168 512-byte logical blocks: (500 GB/465 GiB)
Oct 18 22:45:41 jose-Lenovo-G475 kernel: [    2.416705] sd 0:0:0:0: [sda] 4096-byte physical blocks
Oct 18 22:45:41 jose-Lenovo-G475 kernel: [    2.416770] sd 0:0:0:0: Attached scsi generic sg0 type 0
Oct 18 22:45:41 jose-Lenovo-G475 kernel: [    2.416947] sd 0:0:0:0: [sda] Write Protect is off
Oct 18 22:45:41 jose-Lenovo-G475 kernel: [    2.416954] sd 0:0:0:0: [sda] Mode Sense: 00 3a 00 00
Oct 18 22:45:41 jose-Lenovo-G475 kernel: [    2.417003] sd 0:0:0:0: [sda] Write cache: enabled, read cache: enabled, doesn't support DPO or FUA
Oct 18 22:45:41 jose-Lenovo-G475 kernel: [    2.424093] scsi 1:0:0:0: CD-ROM            Slimtype DVD A  DS8A5SH   XL63 PQ: 0 ANSI: 5
Oct 18 22:45:41 jose-Lenovo-G475 kernel: [    2.430631] sr0: scsi3-mmc drive: 24x/8x writer dvd-ram cd/rw xa/form2 cdda tray
Oct 18 22:45:41 jose-Lenovo-G475 kernel: [    2.430648] cdrom: Uniform CD-ROM driver Revision: 3.20
Oct 18 22:45:41 jose-Lenovo-G475 kernel: [    2.431334] sr 1:0:0:0: Attached scsi CD-ROM sr0
Oct 18 22:45:41 jose-Lenovo-G475 kernel: [    2.431550] sr 1:0:0:0: Attached scsi generic sg1 type 5
Oct 18 22:45:41 jose-Lenovo-G475 kernel: [    2.466879] usb 2-2: New USB device found, idVendor=0bda, idProduct=0139
Oct 18 22:45:41 jose-Lenovo-G475 kernel: [    2.466896] usb 2-2: New USB device strings: Mfr=1, Product=2, SerialNumber=3
Oct 18 22:45:41 jose-Lenovo-G475 kernel: [    2.466905] usb 2-2: Product: USB2.0-CRW
Oct 18 22:45:41 jose-Lenovo-G475 kernel: [    2.466913] usb 2-2: Manufacturer: Generic
Oct 18 22:45:41 jose-Lenovo-G475 kernel: [    2.466921] usb 2-2: SerialNumber: 20100201396000000
Oct 18 22:45:41 jose-Lenovo-G475 kernel: [    2.470072]  sda: sda1 sda2 < sda5 >
Oct 18 22:45:41 jose-Lenovo-G475 kernel: [    2.470863] sd 0:0:0:0: [sda] Attached SCSI disk
Oct 18 22:45:41 jose-Lenovo-G475 kernel: [    2.728801] usb 4-1: new full-speed USB device number 2 using ohci-pci
Oct 18 22:45:41 jose-Lenovo-G475 kernel: [    2.889930] EXT4-fs (sda1): mounted filesystem with ordered data mode. Opts: (null)
Oct 18 22:45:41 jose-Lenovo-G475 kernel: [    2.903729] usb 4-1: New USB device found, idVendor=0489, idProduct=e00d
Oct 18 22:45:41 jose-Lenovo-G475 kernel: [    2.903739] usb 4-1: New USB device strings: Mfr=1, Product=2, SerialNumber=3
Oct 18 22:45:41 jose-Lenovo-G475 kernel: [    2.903745] usb 4-1: Product: Broadcom Bluetooth 2.1 Device
Oct 18 22:45:41 jose-Lenovo-G475 kernel: [    2.903749] usb 4-1: Manufacturer: Broadcom Corp
Oct 18 22:45:41 jose-Lenovo-G475 kernel: [    2.903753] usb 4-1: SerialNumber: 3859F9FB651E
Oct 18 22:45:41 jose-Lenovo-G475 kernel: [    3.273743] Switched to clocksource tsc
Oct 18 22:45:41 jose-Lenovo-G475 kernel: [    3.378724] psmouse serio1: synaptics: Touchpad model: 1, fw: 7.2, id: 0x1c0b1, caps: 0xd04733/0xa40000/0xa0000, board id: 3655, fw id: 570026
Oct 18 22:45:41 jose-Lenovo-G475 kernel: [    3.476570] input: SynPS/2 Synaptics TouchPad as /devices/platform/i8042/serio1/input/input6
Oct 18 22:45:41 jose-Lenovo-G475 kernel: [    3.492317] random: init urandom read with 89 bits of entropy available
Oct 18 22:45:41 jose-Lenovo-G475 kernel: [    4.225645] random: nonblocking pool is initialized
Oct 18 22:45:41 jose-Lenovo-G475 kernel: [    5.630559] Adding 1680380k swap on /dev/sda5.  Priority:-1 extents:1 across:1680380k FS
Oct 18 22:45:41 jose-Lenovo-G475 kernel: [    6.386825] IPv6: ADDRCONF(NETDEV_UP): eth0: link is not ready
Oct 18 22:45:41 jose-Lenovo-G475 kernel: [    7.927797] lp: driver loaded but no devices found
Oct 18 22:45:41 jose-Lenovo-G475 kernel: [    8.029551] ppdev: user-space parallel port driver
Oct 18 22:45:41 jose-Lenovo-G475 kernel: [    9.609237] piix4_smbus 0000:00:14.0: SMBus Host Controller at 0xb00, revision 0
Oct 18 22:45:41 jose-Lenovo-G475 kernel: [    9.609391] piix4_smbus 0000:00:14.0: Auxiliary SMBus Host Controller at 0xb20
Oct 18 22:45:41 jose-Lenovo-G475 kernel: [    9.611684] ACPI: Video Device [VGA] (multi-head: yes  rom: no  post: no)
Oct 18 22:45:41 jose-Lenovo-G475 kernel: [    9.659855] acpi device:01: registered as cooling_device2
Oct 18 22:45:41 jose-Lenovo-G475 kernel: [    9.659993] input: Video Bus as /devices/LNXSYSTM:00/device:00/PNP0A08:00/LNXVIDEO:00/input/input7
Oct 18 22:45:41 jose-Lenovo-G475 kernel: [    9.676063] sp5100_tco: SP5100/SB800 TCO WatchDog Timer Driver v0.05
Oct 18 22:45:41 jose-Lenovo-G475 kernel: [    9.676233] sp5100_tco: PCI Revision ID: 0x42
Oct 18 22:45:41 jose-Lenovo-G475 kernel: [    9.676281] sp5100_tco: Using 0xfed80b00 for watchdog MMIO address
Oct 18 22:45:41 jose-Lenovo-G475 kernel: [    9.676295] sp5100_tco: Last reboot was not triggered by watchdog.
Oct 18 22:45:41 jose-Lenovo-G475 kernel: [    9.676431] sp5100_tco: initialized (0xf8782b00). heartbeat=60 sec (nowayout=0)
Oct 18 22:45:41 jose-Lenovo-G475 kernel: [    9.758224] [drm] Initialized drm 1.1.0 20060810
Oct 18 22:45:41 jose-Lenovo-G475 kernel: [    9.831246] input: Ideapad extra buttons as /devices/platform/VPC2004:00/input/input8
Oct 18 22:45:41 jose-Lenovo-G475 kernel: [   10.264608] [drm] radeon kernel modesetting enabled.
Oct 18 22:45:41 jose-Lenovo-G475 kernel: [   10.264691] checking generic (80000000 300000) vs hw (80000000 10000000)
Oct 18 22:45:41 jose-Lenovo-G475 kernel: [   10.264695] fb: conflicting fb hw usage radeondrmfb vs VESA VGA - removing generic driver
Oct 18 22:45:41 jose-Lenovo-G475 kernel: [   10.264741] Console: switching to colour dummy device 80x25
Oct 18 22:45:41 jose-Lenovo-G475 kernel: [   10.265664] [drm] initializing kernel modesetting (PALM 0x1002:0x9806 0x17AA:0x397C).
Oct 18 22:45:41 jose-Lenovo-G475 kernel: [   10.265717] [drm] register mmio base: 0x90200000
Oct 18 22:45:41 jose-Lenovo-G475 kernel: [   10.265720] [drm] register mmio size: 262144
Oct 18 22:45:41 jose-Lenovo-G475 kernel: [   10.274890] ATOM BIOS: Lenovo
Oct 18 22:45:41 jose-Lenovo-G475 kernel: [   10.274986] radeon 0000:00:01.0: VRAM: 384M 0x0000000000000000 - 0x0000000017FFFFFF (384M used)
Oct 18 22:45:41 jose-Lenovo-G475 kernel: [   10.274993] radeon 0000:00:01.0: GTT: 1024M 0x0000000018000000 - 0x0000000057FFFFFF
Oct 18 22:45:41 jose-Lenovo-G475 kernel: [   10.274998] [drm] Detected VRAM RAM=384M, BAR=256M
Oct 18 22:45:41 jose-Lenovo-G475 kernel: [   10.275001] [drm] RAM width 32bits DDR
Oct 18 22:45:41 jose-Lenovo-G475 kernel: [   10.282268] [TTM] Zone  kernel: Available graphics memory: 442230 kiB
Oct 18 22:45:41 jose-Lenovo-G475 kernel: [   10.282276] [TTM] Zone highmem: Available graphics memory: 826892 kiB
Oct 18 22:45:41 jose-Lenovo-G475 kernel: [   10.282279] [TTM] Initializing pool allocator
Oct 18 22:45:41 jose-Lenovo-G475 kernel: [   10.282289] [TTM] Initializing DMA pool allocator
Oct 18 22:45:41 jose-Lenovo-G475 kernel: [   10.282331] [drm] radeon: 384M of VRAM memory ready
Oct 18 22:45:41 jose-Lenovo-G475 kernel: [   10.282336] [drm] radeon: 1024M of GTT memory ready.
Oct 18 22:45:41 jose-Lenovo-G475 kernel: [   10.282372] [drm] Loading PALM Microcode
Oct 18 22:45:41 jose-Lenovo-G475 kernel: [   10.555472] [drm] GART: num cpu pages 262144, num gpu pages 262144
Oct 18 22:45:41 jose-Lenovo-G475 kernel: [   10.593995] Bluetooth: Core ver 2.17
Oct 18 22:45:41 jose-Lenovo-G475 kernel: [   10.594073] NET: Registered protocol family 31
Oct 18 22:45:41 jose-Lenovo-G475 kernel: [   10.594077] Bluetooth: HCI device and connection manager initialized
Oct 18 22:45:41 jose-Lenovo-G475 kernel: [   10.596297] Bluetooth: HCI socket layer initialized
Oct 18 22:45:41 jose-Lenovo-G475 kernel: [   10.596304] Bluetooth: L2CAP socket layer initialized
Oct 18 22:45:41 jose-Lenovo-G475 kernel: [   10.596315] Bluetooth: SCO socket layer initialized
Oct 18 22:45:41 jose-Lenovo-G475 kernel: [   10.601441] [drm] PCIE GART of 1024M enabled (table at 0x0000000000273000).
Oct 18 22:45:41 jose-Lenovo-G475 kernel: [   10.625706] radeon 0000:00:01.0: WB enabled
Oct 18 22:45:41 jose-Lenovo-G475 kernel: [   10.625721] radeon 0000:00:01.0: fence driver on ring 0 use gpu addr 0x0000000018000c00 and cpu addr 0xffc92c00
Oct 18 22:45:41 jose-Lenovo-G475 kernel: [   10.625747] radeon 0000:00:01.0: fence driver on ring 3 use gpu addr 0x0000000018000c0c and cpu addr 0xffc92c0c
Oct 18 22:45:41 jose-Lenovo-G475 kernel: [   10.627437] radeon 0000:00:01.0: fence driver on ring 5 use gpu addr 0x0000000000072118 and cpu addr 0xf9032118
Oct 18 22:45:41 jose-Lenovo-G475 kernel: [   10.628745] [drm] Supports vblank timestamp caching Rev 2 (21.10.2013).
Oct 18 22:45:41 jose-Lenovo-G475 kernel: [   10.628756] [drm] Driver supports precise vblank timestamp query.
Oct 18 22:45:41 jose-Lenovo-G475 kernel: [   10.628805] radeon 0000:00:01.0: irq 40 for MSI/MSI-X
Oct 18 22:45:41 jose-Lenovo-G475 kernel: [   10.628832] radeon 0000:00:01.0: radeon: using MSI.
Oct 18 22:45:41 jose-Lenovo-G475 kernel: [   10.628876] [drm] radeon: irq initialized.
Oct 18 22:45:41 jose-Lenovo-G475 kernel: [   10.652308] [drm] ring test on 0 succeeded in 1 usecs
Oct 18 22:45:41 jose-Lenovo-G475 kernel: [   10.652377] [drm] ring test on 3 succeeded in 1 usecs
Oct 18 22:45:41 jose-Lenovo-G475 kernel: [   10.662403] kvm: Nested Virtualization enabled
Oct 18 22:45:41 jose-Lenovo-G475 kernel: [   10.662408] kvm: Nested Paging enabled
Oct 18 22:45:41 jose-Lenovo-G475 kernel: [   10.681281] cfg80211: Calling CRDA to update world regulatory domain
Oct 18 22:45:41 jose-Lenovo-G475 kernel: [   10.746991] usbcore: registered new interface driver btusb
Oct 18 22:45:41 jose-Lenovo-G475 kernel: [   10.751080] [drm] ring test on 5 succeeded in 1 usecs
Oct 18 22:45:41 jose-Lenovo-G475 kernel: [   10.771760] [drm] UVD initialized successfully.
Oct 18 22:45:41 jose-Lenovo-G475 kernel: [   10.866815] [drm] Enabling audio 0 support
Oct 18 22:45:41 jose-Lenovo-G475 kernel: [   10.866870] [drm] ib test on ring 0 succeeded in 0 usecs
Oct 18 22:45:41 jose-Lenovo-G475 kernel: [   10.866909] [drm] ib test on ring 3 succeeded in 0 usecs
Oct 18 22:45:41 jose-Lenovo-G475 kernel: [   10.899640] [drm] ib test on ring 5 succeeded
Oct 18 22:45:41 jose-Lenovo-G475 kernel: [   10.998531] [drm] radeon atom DIG backlight initialized
Oct 18 22:45:41 jose-Lenovo-G475 kernel: [   10.998545] [drm] Radeon Display Connectors
Oct 18 22:45:41 jose-Lenovo-G475 kernel: [   10.998549] [drm] Connector 0:
Oct 18 22:45:41 jose-Lenovo-G475 kernel: [   10.998553] [drm]   LVDS-1
Oct 18 22:45:41 jose-Lenovo-G475 kernel: [   10.998555] [drm]   HPD1
Oct 18 22:45:41 jose-Lenovo-G475 kernel: [   10.998560] [drm]   DDC: 0x6430 0x6430 0x6434 0x6434 0x6438 0x6438 0x643c 0x643c
Oct 18 22:45:41 jose-Lenovo-G475 kernel: [   10.998562] [drm]   Encoders:
Oct 18 22:45:41 jose-Lenovo-G475 kernel: [   10.998565] [drm]     LCD1: INTERNAL_UNIPHY
Oct 18 22:45:41 jose-Lenovo-G475 kernel: [   10.998568] [drm] Connector 1:
Oct 18 22:45:41 jose-Lenovo-G475 kernel: [   10.998571] [drm]   HDMI-A-1
Oct 18 22:45:41 jose-Lenovo-G475 kernel: [   10.998573] [drm]   HPD2
Oct 18 22:45:41 jose-Lenovo-G475 kernel: [   10.998577] [drm]   DDC: 0x6440 0x6440 0x6444 0x6444 0x6448 0x6448 0x644c 0x644c
Oct 18 22:45:41 jose-Lenovo-G475 kernel: [   10.998579] [drm]   Encoders:
Oct 18 22:45:41 jose-Lenovo-G475 kernel: [   10.998581] [drm]     DFP1: INTERNAL_UNIPHY
Oct 18 22:45:41 jose-Lenovo-G475 kernel: [   10.998583] [drm] Connector 2:
Oct 18 22:45:41 jose-Lenovo-G475 kernel: [   10.998586] [drm]   VGA-1
Oct 18 22:45:41 jose-Lenovo-G475 kernel: [   10.998590] [drm]   DDC: 0x64d8 0x64d8 0x64dc 0x64dc 0x64e0 0x64e0 0x64e4 0x64e4
Oct 18 22:45:41 jose-Lenovo-G475 kernel: [   10.998592] [drm]   Encoders:
Oct 18 22:45:41 jose-Lenovo-G475 kernel: [   10.998594] [drm]     CRT1: INTERNAL_KLDSCP_DAC1
Oct 18 22:45:41 jose-Lenovo-G475 kernel: [   10.998659] [drm] Internal thermal controller without fan control
Oct 18 22:45:41 jose-Lenovo-G475 kernel: [   11.008782] [drm] Found smc ucode version: 0x00010601
Oct 18 22:45:41 jose-Lenovo-G475 kernel: [   11.010719] [drm] radeon: dpm initialized
Oct 18 22:45:41 jose-Lenovo-G475 kernel: [   11.077055] Linux video capture interface: v2.00
Oct 18 22:45:41 jose-Lenovo-G475 kernel: [   11.261364] rts5139: module is from the staging directory, the quality is unknown, you have been warned.
Oct 18 22:45:41 jose-Lenovo-G475 kernel: [   11.280248] scsi2 : SCSI emulation for RTS5139 USB card reader
Oct 18 22:45:41 jose-Lenovo-G475 kernel: [   11.282283] scsi 2:0:0:0: Direct-Access     Generic- xD/SD/M.S.       1.00 PQ: 0 ANSI: 0 CCS
Oct 18 22:45:41 jose-Lenovo-G475 kernel: [   11.283159] usbcore: registered new interface driver rts5139
Oct 18 22:45:41 jose-Lenovo-G475 kernel: [   11.284884] sd 2:0:0:0: Attached scsi generic sg2 type 0
Oct 18 22:45:41 jose-Lenovo-G475 kernel: [   11.331305] EXT4-fs (sda1): re-mounted. Opts: errors=remount-ro
Oct 18 22:45:41 jose-Lenovo-G475 kernel: [   11.355763] sd 2:0:0:0: [sdb] Attached SCSI removable disk
Oct 18 22:45:41 jose-Lenovo-G475 kernel: [   11.473769] ath: phy0: Enable LNA combining
Oct 18 22:45:41 jose-Lenovo-G475 kernel: [   11.520674] ath: phy0: ASPM enabled: 0x42
Oct 18 22:45:41 jose-Lenovo-G475 kernel: [   11.520686] ath: EEPROM regdomain: 0x65
Oct 18 22:45:41 jose-Lenovo-G475 kernel: [   11.520689] ath: EEPROM indicates we should expect a direct regpair map
Oct 18 22:45:41 jose-Lenovo-G475 kernel: [   11.520694] ath: Country alpha2 being used: 00
Oct 18 22:45:41 jose-Lenovo-G475 kernel: [   11.520697] ath: Regpair used: 0x65
Oct 18 22:45:41 jose-Lenovo-G475 kernel: [   11.579398] [drm] fb mappable at 0x80477000
Oct 18 22:45:41 jose-Lenovo-G475 kernel: [   11.579407] [drm] vram apper at 0x80000000
Oct 18 22:45:41 jose-Lenovo-G475 kernel: [   11.579410] [drm] size 4325376
Oct 18 22:45:41 jose-Lenovo-G475 kernel: [   11.579413] [drm] fb depth is 24
Oct 18 22:45:41 jose-Lenovo-G475 kernel: [   11.579416] [drm]    pitch is 5632
Oct 18 22:45:41 jose-Lenovo-G475 kernel: [   11.579603] fbcon: radeondrmfb (fb0) is primary device
Oct 18 22:45:41 jose-Lenovo-G475 kernel: [   11.676624] ieee80211 phy0: Selected rate control algorithm 'minstrel_ht'
Oct 18 22:45:41 jose-Lenovo-G475 kernel: [   11.677453] ieee80211 phy0: Atheros AR9285 Rev:2 mem=0xf8a60000, irq=17
Oct 18 22:45:41 jose-Lenovo-G475 kernel: [   11.678342] uvcvideo: Found UVC 1.00 device Lenovo EasyCamera (04f2:b272)
Oct 18 22:45:41 jose-Lenovo-G475 kernel: [   11.693039] input: Lenovo EasyCamera as /devices/pci0000:00/0000:00:12.2/usb1/1-2/1-2:1.0/input/input9
Oct 18 22:45:41 jose-Lenovo-G475 kernel: [   11.698445] usbcore: registered new interface driver uvcvideo
Oct 18 22:45:41 jose-Lenovo-G475 kernel: [   11.698448] USB Video Class driver (1.1.1)
Oct 18 22:45:41 jose-Lenovo-G475 kernel: [   11.994983] Console: switching to colour frame buffer device 170x48
Oct 18 22:45:41 jose-Lenovo-G475 kernel: [   12.003029] radeon 0000:00:01.0: fb0: radeondrmfb frame buffer device
Oct 18 22:45:41 jose-Lenovo-G475 kernel: [   12.003034] radeon 0000:00:01.0: registered panic notifier
Oct 18 22:45:41 jose-Lenovo-G475 kernel: [   12.003336] [drm] Initialized radeon 2.36.0 20080528 for 0000:00:01.0 on minor 0
Oct 18 22:45:41 jose-Lenovo-G475 kernel: [   12.003602] hda-intel 0000:00:14.2: Using LPIB position fix
Oct 18 22:45:41 jose-Lenovo-G475 kernel: [   12.046441] hda-intel 0000:00:14.2: Enable sync_write for stable communication
Oct 18 22:45:41 jose-Lenovo-G475 kernel: [   12.093300] hda_codec: CX20590: BIOS auto-probing.
Oct 18 22:45:41 jose-Lenovo-G475 kernel: [   12.093743] autoconfig: line_outs=1 (0x1f/0x0/0x0/0x0/0x0) type:speaker
Oct 18 22:45:41 jose-Lenovo-G475 kernel: [   12.093751]    speaker_outs=0 (0x0/0x0/0x0/0x0/0x0)
Oct 18 22:45:41 jose-Lenovo-G475 kernel: [   12.093755]    hp_outs=1 (0x19/0x0/0x0/0x0/0x0)
Oct 18 22:45:41 jose-Lenovo-G475 kernel: [   12.093757]    mono: mono_out=0x0
Oct 18 22:45:41 jose-Lenovo-G475 kernel: [   12.093760]    inputs:
Oct 18 22:45:41 jose-Lenovo-G475 kernel: [   12.093764]      Mic=0x1b
Oct 18 22:45:41 jose-Lenovo-G475 kernel: [   12.093766]      Internal Mic=0x1a
Oct 18 22:45:41 jose-Lenovo-G475 kernel: [   12.097430] input: HDA ATI SB Headphone as /devices/pci0000:00/0000:00:14.2/sound/card0/input11
Oct 18 22:45:41 jose-Lenovo-G475 kernel: [   12.097740] input: HDA ATI SB Mic as /devices/pci0000:00/0000:00:14.2/sound/card0/input10
Oct 18 22:45:41 jose-Lenovo-G475 kernel: [   12.375534] cfg80211: World regulatory domain updated:
Oct 18 22:45:41 jose-Lenovo-G475 kernel: [   12.375546] cfg80211:   (start_freq - end_freq @ bandwidth), (max_antenna_gain, max_eirp)
Oct 18 22:45:41 jose-Lenovo-G475 kernel: [   12.375551] cfg80211:   (2402000 KHz - 2472000 KHz @ 40000 KHz), (300 mBi, 2000 mBm)
Oct 18 22:45:41 jose-Lenovo-G475 kernel: [   12.375555] cfg80211:   (2457000 KHz - 2482000 KHz @ 40000 KHz), (300 mBi, 2000 mBm)
Oct 18 22:45:41 jose-Lenovo-G475 kernel: [   12.375558] cfg80211:   (2474000 KHz - 2494000 KHz @ 20000 KHz), (300 mBi, 2000 mBm)
Oct 18 22:45:41 jose-Lenovo-G475 kernel: [   12.375562] cfg80211:   (5170000 KHz - 5250000 KHz @ 40000 KHz), (300 mBi, 2000 mBm)
Oct 18 22:45:41 jose-Lenovo-G475 kernel: [   12.375565] cfg80211:   (5735000 KHz - 5835000 KHz @ 40000 KHz), (300 mBi, 2000 mBm)
Oct 18 22:45:41 jose-Lenovo-G475 kernel: [   12.620141] type=1400 audit(1445224538.436:2): apparmor="STATUS" operation="profile_load" profile="unconfined" name="/sbin/dhclient" pid=405 comm="apparmor_parser"
Oct 18 22:45:41 jose-Lenovo-G475 kernel: [   12.620160] type=1400 audit(1445224538.436:3): apparmor="STATUS" operation="profile_load" profile="unconfined" name="/usr/lib/NetworkManager/nm-dhcp-client.action" pid=405 comm="apparmor_parser"
Oct 18 22:45:41 jose-Lenovo-G475 kernel: [   12.620171] type=1400 audit(1445224538.436:4): apparmor="STATUS" operation="profile_load" profile="unconfined" name="/usr/lib/connman/scripts/dhclient-script" pid=405 comm="apparmor_parser"
Oct 18 22:45:41 jose-Lenovo-G475 kernel: [   12.621074] type=1400 audit(1445224538.436:5): apparmor="STATUS" operation="profile_replace" profile="unconfined" name="/usr/lib/NetworkManager/nm-dhcp-client.action" pid=405 comm="apparmor_parser"
Oct 18 22:45:41 jose-Lenovo-G475 kernel: [   12.621087] type=1400 audit(1445224538.436:6): apparmor="STATUS" operation="profile_replace" profile="unconfined" name="/usr/lib/connman/scripts/dhclient-script" pid=405 comm="apparmor_parser"
Oct 18 22:45:41 jose-Lenovo-G475 kernel: [   12.621556] type=1400 audit(1445224538.436:7): apparmor="STATUS" operation="profile_replace" profile="unconfined" name="/usr/lib/connman/scripts/dhclient-script" pid=405 comm="apparmor_parser"
Oct 18 22:45:41 jose-Lenovo-G475 kernel: [   12.623387] type=1400 audit(1445224538.440:8): apparmor="STATUS" operation="profile_replace" profile="unconfined" name="/sbin/dhclient" pid=351 comm="apparmor_parser"
Oct 18 22:45:41 jose-Lenovo-G475 kernel: [   12.623409] type=1400 audit(1445224538.440:9): apparmor="STATUS" operation="profile_replace" profile="unconfined" name="/usr/lib/NetworkManager/nm-dhcp-client.action" pid=351 comm="apparmor_parser"
Oct 18 22:45:41 jose-Lenovo-G475 kernel: [   12.623420] type=1400 audit(1445224538.440:10): apparmor="STATUS" operation="profile_replace" profile="unconfined" name="/usr/lib/connman/scripts/dhclient-script" pid=351 comm="apparmor_parser"
Oct 18 22:45:41 jose-Lenovo-G475 kernel: [   12.624329] type=1400 audit(1445224538.440:11): apparmor="STATUS" operation="profile_replace" profile="unconfined" name="/usr/lib/NetworkManager/nm-dhcp-client.action" pid=351 comm="apparmor_parser"
Oct 18 22:45:41 jose-Lenovo-G475 bluetoothd[639]: Bluetooth daemon 4.101
Oct 18 22:45:42 jose-Lenovo-G475 avahi-daemon[655]: Found user 'avahi' (UID 111) and group 'avahi' (GID 117).
Oct 18 22:45:42 jose-Lenovo-G475 avahi-daemon[655]: Successfully dropped root privileges.
Oct 18 22:45:42 jose-Lenovo-G475 avahi-daemon[655]: avahi-daemon 0.6.31 starting up.
Oct 18 22:45:42 jose-Lenovo-G475 bluetoothd[639]: Starting SDP server
Oct 18 22:45:42 jose-Lenovo-G475 bluetoothd[639]: DIS cannot start: GATT is disabled
Oct 18 22:45:42 jose-Lenovo-G475 bluetoothd[639]: Failed to init deviceinfo plugin
Oct 18 22:45:42 jose-Lenovo-G475 bluetoothd[639]: Failed to init proximity plugin
Oct 18 22:45:42 jose-Lenovo-G475 bluetoothd[639]: Failed to init time plugin
Oct 18 22:45:42 jose-Lenovo-G475 bluetoothd[639]: Failed to init alert plugin
Oct 18 22:45:42 jose-Lenovo-G475 bluetoothd[639]: Failed to init thermometer plugin
Oct 18 22:45:42 jose-Lenovo-G475 avahi-daemon[655]: Successfully called chroot().
Oct 18 22:45:42 jose-Lenovo-G475 avahi-daemon[655]: Successfully dropped remaining capabilities.
Oct 18 22:45:42 jose-Lenovo-G475 avahi-daemon[655]: No service file found in /etc/avahi/services.
Oct 18 22:45:42 jose-Lenovo-G475 avahi-daemon[655]: Network interface enumeration completed.
Oct 18 22:45:42 jose-Lenovo-G475 avahi-daemon[655]: Registering HINFO record with values 'I686'/'LINUX'.
Oct 18 22:45:42 jose-Lenovo-G475 avahi-daemon[655]: Server startup complete. Host name is jose-Lenovo-G475.local. Local service cookie is 3904015987.
Oct 18 22:45:42 jose-Lenovo-G475 ModemManager[633]: <info>  ModemManager (version 1.0.0) starting...
Oct 18 22:45:42 jose-Lenovo-G475 kernel: [   16.854237] Bluetooth: BNEP (Ethernet Emulation) ver 1.3
Oct 18 22:45:42 jose-Lenovo-G475 kernel: [   16.854247] Bluetooth: BNEP filters: protocol multicast
Oct 18 22:45:42 jose-Lenovo-G475 kernel: [   16.854262] Bluetooth: BNEP socket layer initialized
Oct 18 22:45:42 jose-Lenovo-G475 kernel: [   16.860838] Bluetooth: RFCOMM TTY layer initialized
Oct 18 22:45:42 jose-Lenovo-G475 kernel: [   16.860862] Bluetooth: RFCOMM socket layer initialized
Oct 18 22:45:42 jose-Lenovo-G475 kernel: [   16.860883] Bluetooth: RFCOMM ver 1.11
Oct 18 22:45:43 jose-Lenovo-G475 bluetoothd[639]: Failed to init gatt_example plugin
Oct 18 22:45:43 jose-Lenovo-G475 bluetoothd[639]: Bluetooth Management interface initialized
Oct 18 22:45:43 jose-Lenovo-G475 NetworkManager[737]: <info> NetworkManager (version 0.9.8.8) is starting...
Oct 18 22:45:43 jose-Lenovo-G475 NetworkManager[737]: <info> Read config file /etc/NetworkManager/NetworkManager.conf
Oct 18 22:45:43 jose-Lenovo-G475 NetworkManager[737]: <info> WEXT support is enabled
Oct 18 22:45:44 jose-Lenovo-G475 bluetoothd[639]: hci0: Load Long Term Keys (0x0013) failed: Not Supported (0x0c)
Oct 18 22:45:44 jose-Lenovo-G475 bluetoothd[639]: Adapter /org/bluez/639/hci0 has been enabled
Oct 18 22:45:44 jose-Lenovo-G475 ntpdate[746]: Can't find host ntp.ubuntu.com: Name or service not known (-2)
Oct 18 22:45:44 jose-Lenovo-G475 ntpdate[746]: no servers can be used, exiting
Oct 18 22:45:45 jose-Lenovo-G475 NetworkManager[737]: <info> VPN: loaded org.freedesktop.NetworkManager.pptp
Oct 18 22:45:45 jose-Lenovo-G475 NetworkManager[737]: <info> DNS: loaded plugin dnsmasq
Oct 18 22:45:45 jose-Lenovo-G475 dbus[605]: [system] Activating service name='org.freedesktop.PolicyKit1' (using servicehelper)
Oct 18 22:45:45 jose-Lenovo-G475 ModemManager[633]: <warn>  Couldn't find support for device at '/sys/devices/pci0000:00/0000:00:15.0/0000:02:00.0': not supported by any plugin
Oct 18 22:45:45 jose-Lenovo-G475 ModemManager[633]: <warn>  Couldn't find support for device at '/sys/devices/pci0000:00/0000:00:15.1/0000:03:00.0': not supported by any plugin
Oct 18 22:45:45 jose-Lenovo-G475 kernel: [   20.109221] audit_printk_skb: 33 callbacks suppressed
Oct 18 22:45:45 jose-Lenovo-G475 kernel: [   20.109230] type=1400 audit(1445224545.928:23): apparmor="STATUS" operation="profile_load" profile="unconfined" name="/usr/sbin/cups-browsed" pid=766 comm="apparmor_parser"
Oct 18 22:45:46 jose-Lenovo-G475 polkitd[756]: started daemon version 0.105 using authority implementation `local' version `0.105'
Oct 18 22:45:46 jose-Lenovo-G475 dbus[605]: [system] Successfully activated service 'org.freedesktop.PolicyKit1'
Oct 18 22:45:46 jose-Lenovo-G475 NetworkManager[737]:    SCPlugin-Ifupdown: init!
Oct 18 22:45:46 jose-Lenovo-G475 NetworkManager[737]:    SCPlugin-Ifupdown: update_system_hostname
Oct 18 22:45:46 jose-Lenovo-G475 NetworkManager[737]:       interface-parser: parsing file /etc/network/interfaces
Oct 18 22:45:46 jose-Lenovo-G475 NetworkManager[737]:       interface-parser: finished parsing file /etc/network/interfaces
Oct 18 22:45:46 jose-Lenovo-G475 NetworkManager[737]:    SCPluginIfupdown: management mode: unmanaged
Oct 18 22:45:46 jose-Lenovo-G475 NetworkManager[737]:    SCPlugin-Ifupdown: devices added (path: /sys/devices/pci0000:00/0000:00:15.0/0000:02:00.0/net/eth0, iface: eth0)
Oct 18 22:45:46 jose-Lenovo-G475 NetworkManager[737]:    SCPlugin-Ifupdown: device added (path: /sys/devices/pci0000:00/0000:00:15.0/0000:02:00.0/net/eth0, iface: eth0): no ifupdown configuration found.
Oct 18 22:45:46 jose-Lenovo-G475 NetworkManager[737]:    SCPlugin-Ifupdown: devices added (path: /sys/devices/pci0000:00/0000:00:15.1/0000:03:00.0/net/wlan0, iface: wlan0)
Oct 18 22:45:46 jose-Lenovo-G475 NetworkManager[737]:    SCPlugin-Ifupdown: device added (path: /sys/devices/pci0000:00/0000:00:15.1/0000:03:00.0/net/wlan0, iface: wlan0): no ifupdown configuration found.
Oct 18 22:45:46 jose-Lenovo-G475 NetworkManager[737]:    SCPlugin-Ifupdown: devices added (path: /sys/devices/virtual/net/lo, iface: lo)
Oct 18 22:45:46 jose-Lenovo-G475 NetworkManager[737]:    SCPlugin-Ifupdown: device added (path: /sys/devices/virtual/net/lo, iface: lo): no ifupdown configuration found.
Oct 18 22:45:46 jose-Lenovo-G475 NetworkManager[737]:    SCPlugin-Ifupdown: end _init.
Oct 18 22:45:46 jose-Lenovo-G475 NetworkManager[737]: <info> Loaded plugin ifupdown: (C) 2008 Canonical Ltd.  To report bugs please use the NetworkManager mailing list.
Oct 18 22:45:46 jose-Lenovo-G475 NetworkManager[737]: <info> Loaded plugin keyfile: (c) 2007 - 2010 Red Hat, Inc.  To report bugs please use the NetworkManager mailing list.
Oct 18 22:45:46 jose-Lenovo-G475 NetworkManager[737]:    SCPlugin-Ofono: Acquired D-Bus service com.canonical.NMOfono
Oct 18 22:45:46 jose-Lenovo-G475 NetworkManager[737]:    SCPlugin-Ofono: init!
Oct 18 22:45:46 jose-Lenovo-G475 NetworkManager[737]:    SCPlugin-Ofono: end _init.
Oct 18 22:45:46 jose-Lenovo-G475 NetworkManager[737]: <info> Loaded plugin (null): (null)
Oct 18 22:45:46 jose-Lenovo-G475 NetworkManager[737]:    Ifupdown: get unmanaged devices count: 0
Oct 18 22:45:46 jose-Lenovo-G475 NetworkManager[737]:    SCPlugin-Ifupdown: (151252264) ... get_connections.
Oct 18 22:45:46 jose-Lenovo-G475 NetworkManager[737]:    SCPlugin-Ifupdown: (151252264) ... get_connections (managed=false): return empty list.
Oct 18 22:45:46 jose-Lenovo-G475 NetworkManager[737]:    keyfile: parsing BDAC ... 
Oct 18 22:45:46 jose-Lenovo-G475 NetworkManager[737]:    keyfile:     read connection 'BDAC'
Oct 18 22:45:46 jose-Lenovo-G475 NetworkManager[737]:    SCPlugin-Ofono: (151109344) ... get_connections.
Oct 18 22:45:46 jose-Lenovo-G475 NetworkManager[737]:    SCPlugin-Ofono: (151109344) connections count: 0
Oct 18 22:45:46 jose-Lenovo-G475 NetworkManager[737]:    Ifupdown: get unmanaged devices count: 0
Oct 18 22:45:46 jose-Lenovo-G475 NetworkManager[737]: <info> monitoring kernel firmware directory '/lib/firmware'.
Oct 18 22:45:46 jose-Lenovo-G475 NetworkManager[737]: <info> rfkill3: found WiFi radio killswitch (at /sys/devices/pci0000:00/0000:00:15.1/0000:03:00.0/ieee80211/phy0/rfkill3) (driver ath9k)
Oct 18 22:45:46 jose-Lenovo-G475 NetworkManager[737]: <info> rfkill0: found WiFi radio killswitch (at /sys/devices/platform/VPC2004:00/rfkill/rfkill0) (platform driver ideapad_acpi)
Oct 18 22:45:46 jose-Lenovo-G475 NetworkManager[737]: <info> WiFi enabled by radio killswitch; enabled by state file
Oct 18 22:45:46 jose-Lenovo-G475 NetworkManager[737]: <info> WWAN enabled by radio killswitch; enabled by state file
Oct 18 22:45:46 jose-Lenovo-G475 NetworkManager[737]: <info> WiMAX enabled by radio killswitch; enabled by state file
Oct 18 22:45:46 jose-Lenovo-G475 NetworkManager[737]: <info> Networking is enabled by state file
Oct 18 22:45:46 jose-Lenovo-G475 NetworkManager[737]: <warn> failed to allocate link cache: (-12) Object not found
Oct 18 22:45:46 jose-Lenovo-G475 NetworkManager[737]: <info> (eth0): carrier is OFF
Oct 18 22:45:46 jose-Lenovo-G475 NetworkManager[737]: <info> (eth0): new Ethernet device (driver: 'atl1c' ifindex: 2)
Oct 18 22:45:46 jose-Lenovo-G475 NetworkManager[737]: <info> (eth0): exported as /org/freedesktop/NetworkManager/Devices/0
Oct 18 22:45:46 jose-Lenovo-G475 NetworkManager[737]: <info> (eth0): device state change: unmanaged -> unavailable (reason 'managed') [10 20 2]
Oct 18 22:45:46 jose-Lenovo-G475 NetworkManager[737]: <info> (eth0): bringing up device.
Oct 18 22:45:46 jose-Lenovo-G475 kernel: [   20.918889] atl1c 0000:02:00.0: irq 41 for MSI/MSI-X
Oct 18 22:45:46 jose-Lenovo-G475 kernel: [   20.934114] IPv6: ADDRCONF(NETDEV_UP): eth0: link is not ready
Oct 18 22:45:46 jose-Lenovo-G475 NetworkManager[737]: <info> (eth0): preparing device.
Oct 18 22:45:46 jose-Lenovo-G475 NetworkManager[737]: <info> (eth0): deactivating device (reason 'managed') [2]
Oct 18 22:45:46 jose-Lenovo-G475 kernel: [   20.938259] IPv6: ADDRCONF(NETDEV_UP): eth0: link is not ready
Oct 18 22:45:46 jose-Lenovo-G475 NetworkManager[737]: <info> Added default wired connection 'Wired connection 1' for /sys/devices/pci0000:00/0000:00:15.0/0000:02:00.0/net/eth0
Oct 18 22:45:46 jose-Lenovo-G475 NetworkManager[737]: <info> (wlan0): using nl80211 for WiFi device control
Oct 18 22:45:46 jose-Lenovo-G475 NetworkManager[737]: <info> (wlan0): driver supports Access Point (AP) mode
Oct 18 22:45:46 jose-Lenovo-G475 NetworkManager[737]: <info> (wlan0): new 802.11 WiFi device (driver: 'ath9k' ifindex: 3)
Oct 18 22:45:46 jose-Lenovo-G475 NetworkManager[737]: <info> (wlan0): exported as /org/freedesktop/NetworkManager/Devices/1
Oct 18 22:45:46 jose-Lenovo-G475 NetworkManager[737]: <info> (wlan0): device state change: unmanaged -> unavailable (reason 'managed') [10 20 2]
Oct 18 22:45:46 jose-Lenovo-G475 NetworkManager[737]: <info> (wlan0): bringing up device.
Oct 18 22:45:46 jose-Lenovo-G475 NetworkManager[737]: <info> (wlan0): preparing device.
Oct 18 22:45:46 jose-Lenovo-G475 kernel: [   20.961727] IPv6: ADDRCONF(NETDEV_UP): wlan0: link is not ready
Oct 18 22:45:46 jose-Lenovo-G475 NetworkManager[737]: <info> (wlan0): deactivating device (reason 'managed') [2]
Oct 18 22:45:46 jose-Lenovo-G475 kernel: [   20.964102] IPv6: ADDRCONF(NETDEV_UP): wlan0: link is not ready
Oct 18 22:45:46 jose-Lenovo-G475 dbus[605]: [system] Activating service name='fi.w1.wpa_supplicant1' (using servicehelper)
Oct 18 22:45:46 jose-Lenovo-G475 NetworkManager[737]: <warn> /sys/devices/virtual/net/lo: couldn't determine device driver; ignoring...
Oct 18 22:45:46 jose-Lenovo-G475 NetworkManager[737]: <warn> /sys/devices/virtual/net/lo: couldn't determine device driver; ignoring...
Oct 18 22:45:46 jose-Lenovo-G475 NetworkManager[737]: <info> urfkill disappeared from the bus
Oct 18 22:45:46 jose-Lenovo-G475 NetworkManager[737]: <info> ModemManager available in the bus
Oct 18 22:45:47 jose-Lenovo-G475 dbus[605]: [system] Successfully activated service 'fi.w1.wpa_supplicant1'
Oct 18 22:45:47 jose-Lenovo-G475 NetworkManager[737]: <info> wpa_supplicant started
Oct 18 22:45:47 jose-Lenovo-G475 wpa_supplicant[773]: Successfully initialized wpa_supplicant
